The cache for model files in Transformers v4.22.0 has been updated. Migrating your old cache. This is a one-time only operation. You can interrupt this and resume the migration later on by calling `transformers.utils.move_cache()`.
0it [00:00, ?it/s]0it [00:00, ?it/s]
D:\transition_grounded_recurrent_reasoning_seed42_v1\run_experiment.py:62: UserWarning: Converting a tensor with requires_grad=True to a scalar may lead to unexpected behavior.
Consider using tensor.detach() first. (Triggered internally at C:\actions-runner\_work\pytorch\pytorch\pytorch\torch\csrc\autograd\generated\python_variable_methods.cpp:836.)
  delta=float(abs(l0-lf));diff=float((original-default).abs().max())
SMOKE_baseline {'step': 50, 'budget': 200, 'loss': 435.6319580078125, 'elapsed_seconds': 2.0228330999379978}
SMOKE_baseline {'step': 100, 'budget': 200, 'loss': 22.973249435424805, 'elapsed_seconds': 4.8394914999371395}
SMOKE_baseline {'step': 150, 'budget': 200, 'loss': 7.738838195800781, 'elapsed_seconds': 7.359220599988475}
SMOKE_baseline {'step': 200, 'budget': 200, 'loss': 6.026037216186523, 'elapsed_seconds': 9.707310799974948}
SMOKE_grounded {'step': 50, 'budget': 200, 'loss': 1072.244384765625, 'elapsed_seconds': 2.2989268999081105}
SMOKE_grounded {'step': 100, 'budget': 200, 'loss': 160.76962280273438, 'elapsed_seconds': 4.33317499991972}
SMOKE_grounded {'step': 150, 'budget': 200, 'loss': 21.191635131835938, 'elapsed_seconds': 6.086348799988627}
SMOKE_grounded {'step': 200, 'budget': 200, 'loss': 14.638635635375977, 'elapsed_seconds': 8.421988199930638}
SMOKE_PASS {}
TRAIN_baseline {'step': 50, 'budget': 12000, 'loss': 435.6319580078125, 'elapsed_seconds': 2.1447815999854356}
TRAIN_baseline {'step': 100, 'budget': 12000, 'loss': 22.973249435424805, 'elapsed_seconds': 4.028023299993947}
TRAIN_baseline {'step': 150, 'budget': 12000, 'loss': 7.738838195800781, 'elapsed_seconds': 6.408698300016113}
TRAIN_baseline {'step': 200, 'budget': 12000, 'loss': 6.026037216186523, 'elapsed_seconds': 8.276197699946351}
TRAIN_baseline {'step': 250, 'budget': 12000, 'loss': 6.172030448913574, 'elapsed_seconds': 10.521894300007261}
TRAIN_baseline {'step': 300, 'budget': 12000, 'loss': 6.11109733581543, 'elapsed_seconds': 12.904501999961212}
TRAIN_baseline {'step': 350, 'budget': 12000, 'loss': 6.439393997192383, 'elapsed_seconds': 15.26416529994458}
TRAIN_baseline {'step': 400, 'budget': 12000, 'loss': 6.1448655128479, 'elapsed_seconds': 17.416573000024073}
TRAIN_baseline {'step': 450, 'budget': 12000, 'loss': 6.079733848571777, 'elapsed_seconds': 20.00382029998582}
TRAIN_baseline {'step': 500, 'budget': 12000, 'loss': 6.307024955749512, 'elapsed_seconds': 22.324153000023216}
TRAIN_baseline {'step': 550, 'budget': 12000, 'loss': 6.245765686035156, 'elapsed_seconds': 25.136361100012437}
TRAIN_baseline {'step': 600, 'budget': 12000, 'loss': 6.233247756958008, 'elapsed_seconds': 27.371402099961415}
TRAIN_baseline {'step': 650, 'budget': 12000, 'loss': 6.111489295959473, 'elapsed_seconds': 29.613967899931595}
TRAIN_baseline {'step': 700, 'budget': 12000, 'loss': 5.791735649108887, 'elapsed_seconds': 31.551878899917938}
TRAIN_baseline {'step': 750, 'budget': 12000, 'loss': 6.319087982177734, 'elapsed_seconds': 33.82438100001309}
TRAIN_baseline {'step': 800, 'budget': 12000, 'loss': 5.578765392303467, 'elapsed_seconds': 36.89899899996817}
TRAIN_baseline {'step': 850, 'budget': 12000, 'loss': 5.766983985900879, 'elapsed_seconds': 39.33083709992934}
TRAIN_baseline {'step': 900, 'budget': 12000, 'loss': 6.010232925415039, 'elapsed_seconds': 41.60232970002107}
TRAIN_baseline {'step': 950, 'budget': 12000, 'loss': 5.419443130493164, 'elapsed_seconds': 43.75844429992139}
TRAIN_baseline {'step': 1000, 'budget': 12000, 'loss': 5.658252716064453, 'elapsed_seconds': 45.785263099940494}
TRAIN_baseline {'step': 1050, 'budget': 12000, 'loss': 5.9271111488342285, 'elapsed_seconds': 48.15273640002124}
TRAIN_baseline {'step': 1100, 'budget': 12000, 'loss': 5.610574245452881, 'elapsed_seconds': 50.232950999983586}
TRAIN_baseline {'step': 1150, 'budget': 12000, 'loss': 5.732883453369141, 'elapsed_seconds': 52.74965859996155}
TRAIN_baseline {'step': 1200, 'budget': 12000, 'loss': 5.030425071716309, 'elapsed_seconds': 55.025825200020336}
TRAIN_baseline {'step': 1250, 'budget': 12000, 'loss': 5.634057521820068, 'elapsed_seconds': 57.10651680000592}
TRAIN_baseline {'step': 1300, 'budget': 12000, 'loss': 5.712141036987305, 'elapsed_seconds': 59.48414229997434}
TRAIN_baseline {'step': 1350, 'budget': 12000, 'loss': 5.401287078857422, 'elapsed_seconds': 61.597587600001134}
TRAIN_baseline {'step': 1400, 'budget': 12000, 'loss': 5.733745574951172, 'elapsed_seconds': 63.848771399934776}
TRAIN_baseline {'step': 1450, 'budget': 12000, 'loss': 5.831424713134766, 'elapsed_seconds': 66.04238589992747}
TRAIN_baseline {'step': 1500, 'budget': 12000, 'loss': 5.275299072265625, 'elapsed_seconds': 68.19117180001922}
TRAIN_baseline {'step': 1550, 'budget': 12000, 'loss': 5.562530517578125, 'elapsed_seconds': 70.98859929991886}
TRAIN_baseline {'step': 1600, 'budget': 12000, 'loss': 4.842576026916504, 'elapsed_seconds': 73.16434179991484}
TRAIN_baseline {'step': 1650, 'budget': 12000, 'loss': 5.245655059814453, 'elapsed_seconds': 75.37076299998444}
TRAIN_baseline {'step': 1700, 'budget': 12000, 'loss': 5.466184139251709, 'elapsed_seconds': 77.8456699999515}
TRAIN_baseline {'step': 1750, 'budget': 12000, 'loss': 4.559988975524902, 'elapsed_seconds': 80.20658849994652}
TRAIN_baseline {'step': 1800, 'budget': 12000, 'loss': 5.076673984527588, 'elapsed_seconds': 82.57515369995963}
TRAIN_baseline {'step': 1850, 'budget': 12000, 'loss': 5.47972297668457, 'elapsed_seconds': 85.33540839992929}
TRAIN_baseline {'step': 1900, 'budget': 12000, 'loss': 4.686300754547119, 'elapsed_seconds': 88.05615780001972}
TRAIN_baseline {'step': 1950, 'budget': 12000, 'loss': 5.004404067993164, 'elapsed_seconds': 90.38969530002214}
TRAIN_baseline {'step': 2000, 'budget': 12000, 'loss': 3.8738460540771484, 'elapsed_seconds': 92.96408850001171}
TRAIN_baseline {'step': 2050, 'budget': 12000, 'loss': 5.501830101013184, 'elapsed_seconds': 95.56514800002333}
TRAIN_baseline {'step': 2100, 'budget': 12000, 'loss': 5.4747514724731445, 'elapsed_seconds': 97.90620879991911}
TRAIN_baseline {'step': 2150, 'budget': 12000, 'loss': 5.578802108764648, 'elapsed_seconds': 100.36065139994025}
TRAIN_baseline {'step': 2200, 'budget': 12000, 'loss': 5.654406547546387, 'elapsed_seconds': 103.0918551000068}
TRAIN_baseline {'step': 2250, 'budget': 12000, 'loss': 5.289477825164795, 'elapsed_seconds': 105.81916710000951}
TRAIN_baseline {'step': 2300, 'budget': 12000, 'loss': 4.811275482177734, 'elapsed_seconds': 108.47877749998588}
TRAIN_baseline {'step': 2350, 'budget': 12000, 'loss': 5.165628433227539, 'elapsed_seconds': 111.30618119996507}
TRAIN_baseline {'step': 2400, 'budget': 12000, 'loss': 4.641482353210449, 'elapsed_seconds': 113.5958875999786}
TRAIN_baseline {'step': 2450, 'budget': 12000, 'loss': 5.383711338043213, 'elapsed_seconds': 116.08252719999291}
TRAIN_baseline {'step': 2500, 'budget': 12000, 'loss': 5.342721939086914, 'elapsed_seconds': 118.54928029992152}
TRAIN_baseline {'step': 2550, 'budget': 12000, 'loss': 4.6070733070373535, 'elapsed_seconds': 121.08176520001143}
TRAIN_baseline {'step': 2600, 'budget': 12000, 'loss': 4.984457969665527, 'elapsed_seconds': 123.82719310000539}
TRAIN_baseline {'step': 2650, 'budget': 12000, 'loss': 4.803487777709961, 'elapsed_seconds': 126.03342939994764}
TRAIN_baseline {'step': 2700, 'budget': 12000, 'loss': 4.807159423828125, 'elapsed_seconds': 128.02711519994773}
TRAIN_baseline {'step': 2750, 'budget': 12000, 'loss': 5.256087303161621, 'elapsed_seconds': 130.63122659991495}
TRAIN_baseline {'step': 2800, 'budget': 12000, 'loss': 4.376721382141113, 'elapsed_seconds': 132.92077879991848}
TRAIN_baseline {'step': 2850, 'budget': 12000, 'loss': 4.513313293457031, 'elapsed_seconds': 135.37542409996968}
TRAIN_baseline {'step': 2900, 'budget': 12000, 'loss': 4.5351057052612305, 'elapsed_seconds': 137.58335069997702}
TRAIN_baseline {'step': 2950, 'budget': 12000, 'loss': 4.94095516204834, 'elapsed_seconds': 139.75957449991256}
TRAIN_baseline {'step': 3000, 'budget': 12000, 'loss': 4.583738803863525, 'elapsed_seconds': 142.63266250002198}
TRAIN_baseline {'step': 3050, 'budget': 12000, 'loss': 3.988468647003174, 'elapsed_seconds': 145.4103287999751}
TRAIN_baseline {'step': 3100, 'budget': 12000, 'loss': 4.565821170806885, 'elapsed_seconds': 148.07663799996953}
TRAIN_baseline {'step': 3150, 'budget': 12000, 'loss': 4.400688171386719, 'elapsed_seconds': 150.08725480001885}
TRAIN_baseline {'step': 3200, 'budget': 12000, 'loss': 4.345866680145264, 'elapsed_seconds': 152.51047630002722}
TRAIN_baseline {'step': 3250, 'budget': 12000, 'loss': 4.674992561340332, 'elapsed_seconds': 155.24130090000108}
TRAIN_baseline {'step': 3300, 'budget': 12000, 'loss': 3.622681140899658, 'elapsed_seconds': 157.92441590002272}
TRAIN_baseline {'step': 3350, 'budget': 12000, 'loss': 4.1968607902526855, 'elapsed_seconds': 160.87317099992651}
TRAIN_baseline {'step': 3400, 'budget': 12000, 'loss': 3.999748468399048, 'elapsed_seconds': 163.12209259998053}
TRAIN_baseline {'step': 3450, 'budget': 12000, 'loss': 4.3079729080200195, 'elapsed_seconds': 165.5062295999378}
TRAIN_baseline {'step': 3500, 'budget': 12000, 'loss': 4.1660308837890625, 'elapsed_seconds': 167.77567180001643}
TRAIN_baseline {'step': 3550, 'budget': 12000, 'loss': 3.69035005569458, 'elapsed_seconds': 170.63796780002303}
TRAIN_baseline {'step': 3600, 'budget': 12000, 'loss': 3.842567205429077, 'elapsed_seconds': 173.11304149997886}
TRAIN_baseline {'step': 3650, 'budget': 12000, 'loss': 4.113276481628418, 'elapsed_seconds': 175.37919120001607}
TRAIN_baseline {'step': 3700, 'budget': 12000, 'loss': 4.008228778839111, 'elapsed_seconds': 177.50078869995195}
TRAIN_baseline {'step': 3750, 'budget': 12000, 'loss': 4.24968147277832, 'elapsed_seconds': 180.10762229992542}
TRAIN_baseline {'step': 3800, 'budget': 12000, 'loss': 3.2018117904663086, 'elapsed_seconds': 182.99264890002087}
TRAIN_baseline {'step': 3850, 'budget': 12000, 'loss': 3.683875799179077, 'elapsed_seconds': 185.79497119993903}
TRAIN_baseline {'step': 3900, 'budget': 12000, 'loss': 3.665788173675537, 'elapsed_seconds': 188.03498459991533}
TRAIN_baseline {'step': 3950, 'budget': 12000, 'loss': 3.655393362045288, 'elapsed_seconds': 190.42037369997706}
TRAIN_baseline {'step': 4000, 'budget': 12000, 'loss': 3.7156007289886475, 'elapsed_seconds': 192.6579562999541}
TRAIN_baseline {'step': 4050, 'budget': 12000, 'loss': 3.9543159008026123, 'elapsed_seconds': 194.97203830000944}
TRAIN_baseline {'step': 4100, 'budget': 12000, 'loss': 4.431003570556641, 'elapsed_seconds': 197.126018299954}
TRAIN_baseline {'step': 4150, 'budget': 12000, 'loss': 4.4773430824279785, 'elapsed_seconds': 199.70047079992946}
TRAIN_baseline {'step': 4200, 'budget': 12000, 'loss': 4.53925895690918, 'elapsed_seconds': 202.26840719999745}
TRAIN_baseline {'step': 4250, 'budget': 12000, 'loss': 4.558032989501953, 'elapsed_seconds': 205.0934971999377}
TRAIN_baseline {'step': 4300, 'budget': 12000, 'loss': 4.603496551513672, 'elapsed_seconds': 207.74477380001917}
TRAIN_baseline {'step': 4350, 'budget': 12000, 'loss': 4.615642547607422, 'elapsed_seconds': 210.10678439994808}
TRAIN_baseline {'step': 4400, 'budget': 12000, 'loss': 3.6704964637756348, 'elapsed_seconds': 212.38315210002474}
TRAIN_baseline {'step': 4450, 'budget': 12000, 'loss': 4.0607428550720215, 'elapsed_seconds': 214.65557950001676}
TRAIN_baseline {'step': 4500, 'budget': 12000, 'loss': 4.2610931396484375, 'elapsed_seconds': 216.96089929994196}
TRAIN_baseline {'step': 4550, 'budget': 12000, 'loss': 4.346290111541748, 'elapsed_seconds': 219.61297509993892}
TRAIN_baseline {'step': 4600, 'budget': 12000, 'loss': 4.3206892013549805, 'elapsed_seconds': 222.21900969999842}
TRAIN_baseline {'step': 4650, 'budget': 12000, 'loss': 4.594182014465332, 'elapsed_seconds': 224.57418859994505}
TRAIN_baseline {'step': 4700, 'budget': 12000, 'loss': 4.6364545822143555, 'elapsed_seconds': 227.08837739995215}
TRAIN_baseline {'step': 4750, 'budget': 12000, 'loss': 3.747692584991455, 'elapsed_seconds': 229.641424399917}
TRAIN_baseline {'step': 4800, 'budget': 12000, 'loss': 3.9337940216064453, 'elapsed_seconds': 232.57399099995382}
TRAIN_baseline {'step': 4850, 'budget': 12000, 'loss': 4.021398544311523, 'elapsed_seconds': 234.44202550000045}
TRAIN_baseline {'step': 4900, 'budget': 12000, 'loss': 4.176827430725098, 'elapsed_seconds': 236.50448459992185}
TRAIN_baseline {'step': 4950, 'budget': 12000, 'loss': 4.103044033050537, 'elapsed_seconds': 239.12251150002703}
TRAIN_baseline {'step': 5000, 'budget': 12000, 'loss': 4.522472858428955, 'elapsed_seconds': 241.43284539994784}
TRAIN_baseline {'step': 5050, 'budget': 12000, 'loss': 4.3543701171875, 'elapsed_seconds': 243.745442799991}
TRAIN_baseline {'step': 5100, 'budget': 12000, 'loss': 4.342990875244141, 'elapsed_seconds': 246.36272849992383}
TRAIN_baseline {'step': 5150, 'budget': 12000, 'loss': 3.6246442794799805, 'elapsed_seconds': 248.52984799991827}
TRAIN_baseline {'step': 5200, 'budget': 12000, 'loss': 3.6531083583831787, 'elapsed_seconds': 250.79847659997176}
TRAIN_baseline {'step': 5250, 'budget': 12000, 'loss': 3.873119831085205, 'elapsed_seconds': 253.5370144000044}
TRAIN_baseline {'step': 5300, 'budget': 12000, 'loss': 3.8623011112213135, 'elapsed_seconds': 255.85782179993112}
TRAIN_baseline {'step': 5350, 'budget': 12000, 'loss': 3.881188154220581, 'elapsed_seconds': 258.0660066999262}
TRAIN_baseline {'step': 5400, 'budget': 12000, 'loss': 4.218877792358398, 'elapsed_seconds': 260.4286810000194}
TRAIN_baseline {'step': 5450, 'budget': 12000, 'loss': 3.7023329734802246, 'elapsed_seconds': 262.57138189999387}
TRAIN_baseline {'step': 5500, 'budget': 12000, 'loss': 3.279414653778076, 'elapsed_seconds': 264.9552641999908}
TRAIN_baseline {'step': 5550, 'budget': 12000, 'loss': 3.391733169555664, 'elapsed_seconds': 267.6345665999688}
TRAIN_baseline {'step': 5600, 'budget': 12000, 'loss': 3.966440200805664, 'elapsed_seconds': 270.33368389995303}
TRAIN_baseline {'step': 5650, 'budget': 12000, 'loss': 3.7277488708496094, 'elapsed_seconds': 272.5038161999546}
TRAIN_baseline {'step': 5700, 'budget': 12000, 'loss': 3.889812707901001, 'elapsed_seconds': 275.03073469991796}
TRAIN_baseline {'step': 5750, 'budget': 12000, 'loss': 3.6515891551971436, 'elapsed_seconds': 277.1014234999893}
TRAIN_baseline {'step': 5800, 'budget': 12000, 'loss': 3.8766140937805176, 'elapsed_seconds': 279.81855019996874}
TRAIN_baseline {'step': 5850, 'budget': 12000, 'loss': 2.575470209121704, 'elapsed_seconds': 282.2901853999356}
TRAIN_baseline {'step': 5900, 'budget': 12000, 'loss': 3.396609306335449, 'elapsed_seconds': 284.5001924999524}
TRAIN_baseline {'step': 5950, 'budget': 12000, 'loss': 3.5115065574645996, 'elapsed_seconds': 286.8533992000157}
TRAIN_baseline {'step': 6000, 'budget': 12000, 'loss': 3.3458974361419678, 'elapsed_seconds': 289.68493049999233}
TRAIN_baseline {'step': 6050, 'budget': 12000, 'loss': 3.4895031452178955, 'elapsed_seconds': 292.3955870999489}
TRAIN_baseline {'step': 6100, 'budget': 12000, 'loss': 3.397099256515503, 'elapsed_seconds': 294.86034040001687}
TRAIN_baseline {'step': 6150, 'budget': 12000, 'loss': 3.6347551345825195, 'elapsed_seconds': 297.0495516000083}
TRAIN_baseline {'step': 6200, 'budget': 12000, 'loss': 3.677192211151123, 'elapsed_seconds': 299.4421684999252}
TRAIN_baseline {'step': 6250, 'budget': 12000, 'loss': 2.8773021697998047, 'elapsed_seconds': 301.7009938999545}
TRAIN_baseline {'step': 6300, 'budget': 12000, 'loss': 2.915848731994629, 'elapsed_seconds': 304.12202120001893}
TRAIN_baseline {'step': 6350, 'budget': 12000, 'loss': 3.0736236572265625, 'elapsed_seconds': 306.98706740001217}
TRAIN_baseline {'step': 6400, 'budget': 12000, 'loss': 3.2975096702575684, 'elapsed_seconds': 309.06598129996564}
TRAIN_baseline {'step': 6450, 'budget': 12000, 'loss': 2.997175931930542, 'elapsed_seconds': 311.4861471999902}
TRAIN_baseline {'step': 6500, 'budget': 12000, 'loss': 3.173266887664795, 'elapsed_seconds': 313.69403969997074}
TRAIN_baseline {'step': 6550, 'budget': 12000, 'loss': 3.7300381660461426, 'elapsed_seconds': 315.86415219993796}
TRAIN_baseline {'step': 6600, 'budget': 12000, 'loss': 1.9912254810333252, 'elapsed_seconds': 318.0410481999861}
TRAIN_baseline {'step': 6650, 'budget': 12000, 'loss': 2.522831439971924, 'elapsed_seconds': 320.37215930002276}
TRAIN_baseline {'step': 6700, 'budget': 12000, 'loss': 2.6623313426971436, 'elapsed_seconds': 322.77911799994763}
TRAIN_baseline {'step': 6750, 'budget': 12000, 'loss': 2.994417190551758, 'elapsed_seconds': 325.36848279996775}
TRAIN_baseline {'step': 6800, 'budget': 12000, 'loss': 3.0129668712615967, 'elapsed_seconds': 328.1000040000072}
TRAIN_baseline {'step': 6850, 'budget': 12000, 'loss': 3.112679958343506, 'elapsed_seconds': 330.3852863999782}
TRAIN_baseline {'step': 6900, 'budget': 12000, 'loss': 3.103322982788086, 'elapsed_seconds': 332.4981509000063}
TRAIN_baseline {'step': 6950, 'budget': 12000, 'loss': 1.6755805015563965, 'elapsed_seconds': 334.6160671999678}
TRAIN_baseline {'step': 7000, 'budget': 12000, 'loss': 2.1015706062316895, 'elapsed_seconds': 337.07071110000834}
TRAIN_baseline {'step': 7050, 'budget': 12000, 'loss': 2.986612558364868, 'elapsed_seconds': 339.88406249997206}
TRAIN_baseline {'step': 7100, 'budget': 12000, 'loss': 3.1950161457061768, 'elapsed_seconds': 342.1577326999977}
TRAIN_baseline {'step': 7150, 'budget': 12000, 'loss': 3.3178696632385254, 'elapsed_seconds': 344.18537500000093}
TRAIN_baseline {'step': 7200, 'budget': 12000, 'loss': 3.805209159851074, 'elapsed_seconds': 346.48120109993033}
TRAIN_baseline {'step': 7250, 'budget': 12000, 'loss': 3.275939464569092, 'elapsed_seconds': 349.2674375999486}
TRAIN_baseline {'step': 7300, 'budget': 12000, 'loss': 3.587508201599121, 'elapsed_seconds': 352.05315729998983}
TRAIN_baseline {'step': 7350, 'budget': 12000, 'loss': 3.8697350025177, 'elapsed_seconds': 354.37784610001836}
TRAIN_baseline {'step': 7400, 'budget': 12000, 'loss': 3.8054847717285156, 'elapsed_seconds': 357.06451349996496}
TRAIN_baseline {'step': 7450, 'budget': 12000, 'loss': 4.027544021606445, 'elapsed_seconds': 359.5890908999136}
TRAIN_baseline {'step': 7500, 'budget': 12000, 'loss': 2.1142654418945312, 'elapsed_seconds': 361.62131969991606}
TRAIN_baseline {'step': 7550, 'budget': 12000, 'loss': 2.385390281677246, 'elapsed_seconds': 364.42682819999754}
TRAIN_baseline {'step': 7600, 'budget': 12000, 'loss': 2.980055570602417, 'elapsed_seconds': 366.8780808999436}
TRAIN_baseline {'step': 7650, 'budget': 12000, 'loss': 3.1470139026641846, 'elapsed_seconds': 369.27441870002076}
TRAIN_baseline {'step': 7700, 'budget': 12000, 'loss': 3.016481637954712, 'elapsed_seconds': 371.6818081999663}
TRAIN_baseline {'step': 7750, 'budget': 12000, 'loss': 3.206789255142212, 'elapsed_seconds': 374.2664474999765}
TRAIN_baseline {'step': 7800, 'budget': 12000, 'loss': 3.4773051738739014, 'elapsed_seconds': 376.83181689993944}
TRAIN_baseline {'step': 7850, 'budget': 12000, 'loss': 3.7674639225006104, 'elapsed_seconds': 379.3692882999312}
TRAIN_baseline {'step': 7900, 'budget': 12000, 'loss': 3.6143851280212402, 'elapsed_seconds': 381.7248183999909}
TRAIN_baseline {'step': 7950, 'budget': 12000, 'loss': 3.6797544956207275, 'elapsed_seconds': 383.93969669996295}
TRAIN_baseline {'step': 8000, 'budget': 12000, 'loss': 2.195107936859131, 'elapsed_seconds': 386.4289625999518}
TRAIN_baseline {'step': 8050, 'budget': 12000, 'loss': 2.3072471618652344, 'elapsed_seconds': 389.10385159996804}
TRAIN_baseline {'step': 8100, 'budget': 12000, 'loss': 2.78263258934021, 'elapsed_seconds': 391.29314199998043}
TRAIN_baseline {'step': 8150, 'budget': 12000, 'loss': 3.0759034156799316, 'elapsed_seconds': 393.8923225000035}
TRAIN_baseline {'step': 8200, 'budget': 12000, 'loss': 2.8910365104675293, 'elapsed_seconds': 396.7939626999432}
TRAIN_baseline {'step': 8250, 'budget': 12000, 'loss': 2.858794689178467, 'elapsed_seconds': 399.6395214999793}
TRAIN_baseline {'step': 8300, 'budget': 12000, 'loss': 3.122243881225586, 'elapsed_seconds': 402.44558479997795}
TRAIN_baseline {'step': 8350, 'budget': 12000, 'loss': 2.9778881072998047, 'elapsed_seconds': 404.94906299992}
TRAIN_baseline {'step': 8400, 'budget': 12000, 'loss': 3.0872743129730225, 'elapsed_seconds': 407.72610909992363}
TRAIN_baseline {'step': 8450, 'budget': 12000, 'loss': 2.929841995239258, 'elapsed_seconds': 409.8858609999297}
TRAIN_baseline {'step': 8500, 'budget': 12000, 'loss': 1.9696629047393799, 'elapsed_seconds': 412.3327561999904}
TRAIN_baseline {'step': 8550, 'budget': 12000, 'loss': 1.9939991235733032, 'elapsed_seconds': 414.82209959998727}
TRAIN_baseline {'step': 8600, 'budget': 12000, 'loss': 2.1903223991394043, 'elapsed_seconds': 417.0481859999709}
TRAIN_baseline {'step': 8650, 'budget': 12000, 'loss': 2.5528931617736816, 'elapsed_seconds': 419.2888201000169}
TRAIN_baseline {'step': 8700, 'budget': 12000, 'loss': 2.443915843963623, 'elapsed_seconds': 421.8725398000097}
TRAIN_baseline {'step': 8750, 'budget': 12000, 'loss': 2.401186943054199, 'elapsed_seconds': 424.3989188999403}
TRAIN_baseline {'step': 8800, 'budget': 12000, 'loss': 2.79445743560791, 'elapsed_seconds': 426.97414529998787}
TRAIN_baseline {'step': 8850, 'budget': 12000, 'loss': 3.0989394187927246, 'elapsed_seconds': 429.5872555000242}
TRAIN_baseline {'step': 8900, 'budget': 12000, 'loss': 2.7254586219787598, 'elapsed_seconds': 432.1880645999918}
TRAIN_baseline {'step': 8950, 'budget': 12000, 'loss': 1.3654471635818481, 'elapsed_seconds': 434.59910270001274}
TRAIN_baseline {'step': 9000, 'budget': 12000, 'loss': 1.573267936706543, 'elapsed_seconds': 436.7180175000103}
TRAIN_baseline {'step': 9050, 'budget': 12000, 'loss': 1.9537979364395142, 'elapsed_seconds': 439.29145949997474}
TRAIN_baseline {'step': 9100, 'budget': 12000, 'loss': 1.9641931056976318, 'elapsed_seconds': 441.9062900999561}
TRAIN_baseline {'step': 9150, 'budget': 12000, 'loss': 2.256012439727783, 'elapsed_seconds': 444.50435029994696}
TRAIN_baseline {'step': 9200, 'budget': 12000, 'loss': 2.5142312049865723, 'elapsed_seconds': 446.7959711999865}
TRAIN_baseline {'step': 9250, 'budget': 12000, 'loss': 2.242264986038208, 'elapsed_seconds': 449.3006377000129}
TRAIN_baseline {'step': 9300, 'budget': 12000, 'loss': 2.647656202316284, 'elapsed_seconds': 452.03024959994946}
TRAIN_baseline {'step': 9350, 'budget': 12000, 'loss': 2.4453868865966797, 'elapsed_seconds': 454.3131998999743}
TRAIN_baseline {'step': 9400, 'budget': 12000, 'loss': 2.2907581329345703, 'elapsed_seconds': 456.7856348999776}
TRAIN_baseline {'step': 9450, 'budget': 12000, 'loss': 1.120499849319458, 'elapsed_seconds': 459.2504140000092}
TRAIN_baseline {'step': 9500, 'budget': 12000, 'loss': 1.5670819282531738, 'elapsed_seconds': 461.4920130999526}
TRAIN_baseline {'step': 9550, 'budget': 12000, 'loss': 1.2872487306594849, 'elapsed_seconds': 464.5349621999776}
TRAIN_baseline {'step': 9600, 'budget': 12000, 'loss': 1.5058692693710327, 'elapsed_seconds': 467.2934336999897}
TRAIN_baseline {'step': 9650, 'budget': 12000, 'loss': 1.6639089584350586, 'elapsed_seconds': 469.72936340002343}
TRAIN_baseline {'step': 9700, 'budget': 12000, 'loss': 2.273075819015503, 'elapsed_seconds': 472.0031093999278}
TRAIN_baseline {'step': 9750, 'budget': 12000, 'loss': 1.6917184591293335, 'elapsed_seconds': 474.71436109999195}
TRAIN_baseline {'step': 9800, 'budget': 12000, 'loss': 1.9202884435653687, 'elapsed_seconds': 477.3976552999811}
TRAIN_baseline {'step': 9850, 'budget': 12000, 'loss': 1.9858101606369019, 'elapsed_seconds': 480.07705009996425}
TRAIN_baseline {'step': 9900, 'budget': 12000, 'loss': 2.1203861236572266, 'elapsed_seconds': 482.56168539996725}
TRAIN_baseline {'step': 9950, 'budget': 12000, 'loss': 0.9504634141921997, 'elapsed_seconds': 485.20553379994817}
TRAIN_baseline {'step': 10000, 'budget': 12000, 'loss': 0.9222885370254517, 'elapsed_seconds': 487.71639800001867}
TRAIN_baseline {'step': 10050, 'budget': 12000, 'loss': 1.11384916305542, 'elapsed_seconds': 490.0072836999316}
TRAIN_baseline {'step': 10100, 'budget': 12000, 'loss': 1.1910581588745117, 'elapsed_seconds': 492.34059809998143}
TRAIN_baseline {'step': 10150, 'budget': 12000, 'loss': 1.424755334854126, 'elapsed_seconds': 495.01686340000015}
TRAIN_baseline {'step': 10200, 'budget': 12000, 'loss': 1.5907562971115112, 'elapsed_seconds': 496.99417389999144}
TRAIN_baseline {'step': 10250, 'budget': 12000, 'loss': 1.5734542608261108, 'elapsed_seconds': 499.3294658999657}
TRAIN_baseline {'step': 10300, 'budget': 12000, 'loss': 1.4548261165618896, 'elapsed_seconds': 502.4237349999603}
TRAIN_baseline {'step': 10350, 'budget': 12000, 'loss': 1.701558232307434, 'elapsed_seconds': 504.76534149993677}
TRAIN_baseline {'step': 10400, 'budget': 12000, 'loss': 0.6913902759552002, 'elapsed_seconds': 507.2362085999921}
TRAIN_baseline {'step': 10450, 'budget': 12000, 'loss': 0.7620021104812622, 'elapsed_seconds': 509.45968700002413}
TRAIN_baseline {'step': 10500, 'budget': 12000, 'loss': 0.8190281987190247, 'elapsed_seconds': 512.1832084999187}
TRAIN_baseline {'step': 10550, 'budget': 12000, 'loss': 0.9555171728134155, 'elapsed_seconds': 515.2236168999225}
TRAIN_baseline {'step': 10600, 'budget': 12000, 'loss': 0.8557666540145874, 'elapsed_seconds': 517.736116199987}
TRAIN_baseline {'step': 10650, 'budget': 12000, 'loss': 1.2085906267166138, 'elapsed_seconds': 520.4695036999183}
TRAIN_baseline {'step': 10700, 'budget': 12000, 'loss': 1.2073696851730347, 'elapsed_seconds': 523.3666067000013}
TRAIN_baseline {'step': 10750, 'budget': 12000, 'loss': 1.618800163269043, 'elapsed_seconds': 525.7781590999803}
TRAIN_baseline {'step': 10800, 'budget': 12000, 'loss': 1.153426170349121, 'elapsed_seconds': 528.8178924999665}
TRAIN_baseline {'step': 10850, 'budget': 12000, 'loss': 1.37370765209198, 'elapsed_seconds': 531.2044439999154}
TRAIN_baseline {'step': 10900, 'budget': 12000, 'loss': 0.7166910171508789, 'elapsed_seconds': 533.5623589999741}
TRAIN_baseline {'step': 10950, 'budget': 12000, 'loss': 0.6998134851455688, 'elapsed_seconds': 536.4221674000146}
TRAIN_baseline {'step': 11000, 'budget': 12000, 'loss': 0.8151679039001465, 'elapsed_seconds': 538.72427529993}
TRAIN_baseline {'step': 11050, 'budget': 12000, 'loss': 0.7463825941085815, 'elapsed_seconds': 541.8445549999597}
TRAIN_baseline {'step': 11100, 'budget': 12000, 'loss': 0.8121006488800049, 'elapsed_seconds': 543.8837358999299}
TRAIN_baseline {'step': 11150, 'budget': 12000, 'loss': 0.9068126678466797, 'elapsed_seconds': 546.1302672999445}
TRAIN_baseline {'step': 11200, 'budget': 12000, 'loss': 1.2701599597930908, 'elapsed_seconds': 548.5418739999877}
TRAIN_baseline {'step': 11250, 'budget': 12000, 'loss': 1.1288975477218628, 'elapsed_seconds': 551.0609153999249}
TRAIN_baseline {'step': 11300, 'budget': 12000, 'loss': 1.145578384399414, 'elapsed_seconds': 554.2185179999797}
TRAIN_baseline {'step': 11350, 'budget': 12000, 'loss': 0.9704961180686951, 'elapsed_seconds': 556.7050872999243}
TRAIN_baseline {'step': 11400, 'budget': 12000, 'loss': 0.6106128692626953, 'elapsed_seconds': 559.5938242999837}
TRAIN_baseline {'step': 11450, 'budget': 12000, 'loss': 0.9185513257980347, 'elapsed_seconds': 562.5289067999693}
TRAIN_baseline {'step': 11500, 'budget': 12000, 'loss': 0.7753105759620667, 'elapsed_seconds': 564.8758164999308}
TRAIN_baseline {'step': 11550, 'budget': 12000, 'loss': 0.614866316318512, 'elapsed_seconds': 567.8634645999409}
TRAIN_baseline {'step': 11600, 'budget': 12000, 'loss': 0.9097590446472168, 'elapsed_seconds': 570.3579095000168}
TRAIN_baseline {'step': 11650, 'budget': 12000, 'loss': 1.0388455390930176, 'elapsed_seconds': 572.7375699999975}
TRAIN_baseline {'step': 11700, 'budget': 12000, 'loss': 0.9279779195785522, 'elapsed_seconds': 575.1189313000068}
TRAIN_baseline {'step': 11750, 'budget': 12000, 'loss': 1.0090878009796143, 'elapsed_seconds': 577.4074909000192}
TRAIN_baseline {'step': 11800, 'budget': 12000, 'loss': 1.1221288442611694, 'elapsed_seconds': 580.4129575999686}
TRAIN_baseline {'step': 11850, 'budget': 12000, 'loss': 0.3437131345272064, 'elapsed_seconds': 583.1245121000102}
TRAIN_baseline {'step': 11900, 'budget': 12000, 'loss': 0.8972354531288147, 'elapsed_seconds': 585.5406562999124}
TRAIN_baseline {'step': 11950, 'budget': 12000, 'loss': 0.5845272541046143, 'elapsed_seconds': 588.1617771999445}
TRAIN_baseline {'step': 12000, 'budget': 12000, 'loss': 0.6195541024208069, 'elapsed_seconds': 590.5374987999676}
TRAIN_grounded {'step': 50, 'budget': 12000, 'loss': 1072.244384765625, 'elapsed_seconds': 2.5621280999621376}
TRAIN_grounded {'step': 100, 'budget': 12000, 'loss': 160.76962280273438, 'elapsed_seconds': 5.1704970999853685}
TRAIN_grounded {'step': 150, 'budget': 12000, 'loss': 21.191635131835938, 'elapsed_seconds': 7.36982459994033}
TRAIN_grounded {'step': 200, 'budget': 12000, 'loss': 14.638635635375977, 'elapsed_seconds': 9.245057199965231}
TRAIN_grounded {'step': 250, 'budget': 12000, 'loss': 13.168331146240234, 'elapsed_seconds': 11.533224499900825}
TRAIN_grounded {'step': 300, 'budget': 12000, 'loss': 12.487465858459473, 'elapsed_seconds': 13.808083899901249}
TRAIN_grounded {'step': 350, 'budget': 12000, 'loss': 12.32355785369873, 'elapsed_seconds': 15.859264399972744}
TRAIN_grounded {'step': 400, 'budget': 12000, 'loss': 12.292113304138184, 'elapsed_seconds': 17.749942099908367}
TRAIN_grounded {'step': 450, 'budget': 12000, 'loss': 11.844937324523926, 'elapsed_seconds': 19.806107599986717}
TRAIN_grounded {'step': 500, 'budget': 12000, 'loss': 12.056556701660156, 'elapsed_seconds': 22.25102609989699}
TRAIN_grounded {'step': 550, 'budget': 12000, 'loss': 11.803964614868164, 'elapsed_seconds': 25.22847129998263}
TRAIN_grounded {'step': 600, 'budget': 12000, 'loss': 12.191038131713867, 'elapsed_seconds': 27.744707599980757}
TRAIN_grounded {'step': 650, 'budget': 12000, 'loss': 11.624311447143555, 'elapsed_seconds': 29.708002100000158}
TRAIN_grounded {'step': 700, 'budget': 12000, 'loss': 11.43254566192627, 'elapsed_seconds': 31.837482999893837}
TRAIN_grounded {'step': 750, 'budget': 12000, 'loss': 12.35049819946289, 'elapsed_seconds': 33.84594099991955}
TRAIN_grounded {'step': 800, 'budget': 12000, 'loss': 10.959855079650879, 'elapsed_seconds': 36.68705459998455}
TRAIN_grounded {'step': 850, 'budget': 12000, 'loss': 11.359781265258789, 'elapsed_seconds': 38.856143999961205}
TRAIN_grounded {'step': 900, 'budget': 12000, 'loss': 11.666058540344238, 'elapsed_seconds': 41.011276299948804}
TRAIN_grounded {'step': 950, 'budget': 12000, 'loss': 10.799577713012695, 'elapsed_seconds': 43.415570999961346}
TRAIN_grounded {'step': 1000, 'budget': 12000, 'loss': 11.27505111694336, 'elapsed_seconds': 46.07017699989956}
TRAIN_grounded {'step': 1050, 'budget': 12000, 'loss': 11.365490913391113, 'elapsed_seconds': 48.47677839989774}
TRAIN_grounded {'step': 1100, 'budget': 12000, 'loss': 11.070878982543945, 'elapsed_seconds': 50.77203649992589}
TRAIN_grounded {'step': 1150, 'budget': 12000, 'loss': 11.026784896850586, 'elapsed_seconds': 53.525692499941215}
TRAIN_grounded {'step': 1200, 'budget': 12000, 'loss': 10.150003433227539, 'elapsed_seconds': 55.861806899891235}
TRAIN_grounded {'step': 1250, 'budget': 12000, 'loss': 10.925148963928223, 'elapsed_seconds': 58.55733439989854}
TRAIN_grounded {'step': 1300, 'budget': 12000, 'loss': 10.924972534179688, 'elapsed_seconds': 61.098944499972276}
TRAIN_grounded {'step': 1350, 'budget': 12000, 'loss': 10.329241752624512, 'elapsed_seconds': 63.57680129993241}
TRAIN_grounded {'step': 1400, 'budget': 12000, 'loss': 11.184213638305664, 'elapsed_seconds': 66.03246219991706}
TRAIN_grounded {'step': 1450, 'budget': 12000, 'loss': 10.84492015838623, 'elapsed_seconds': 68.32405399996787}
TRAIN_grounded {'step': 1500, 'budget': 12000, 'loss': 10.243131637573242, 'elapsed_seconds': 70.28026049991604}
TRAIN_grounded {'step': 1550, 'budget': 12000, 'loss': 10.130022048950195, 'elapsed_seconds': 72.46721489995252}
TRAIN_grounded {'step': 1600, 'budget': 12000, 'loss': 9.085465431213379, 'elapsed_seconds': 74.76046279992443}
TRAIN_grounded {'step': 1650, 'budget': 12000, 'loss': 9.714548110961914, 'elapsed_seconds': 76.68938629992772}
TRAIN_grounded {'step': 1700, 'budget': 12000, 'loss': 9.94699478149414, 'elapsed_seconds': 79.0015230999561}
TRAIN_grounded {'step': 1750, 'budget': 12000, 'loss': 8.20101547241211, 'elapsed_seconds': 81.4184452999616}
TRAIN_grounded {'step': 1800, 'budget': 12000, 'loss': 9.481829643249512, 'elapsed_seconds': 84.41975379991345}
TRAIN_grounded {'step': 1850, 'budget': 12000, 'loss': 10.14746379852295, 'elapsed_seconds': 86.9906948999269}
TRAIN_grounded {'step': 1900, 'budget': 12000, 'loss': 9.072990417480469, 'elapsed_seconds': 89.31243999989238}
TRAIN_grounded {'step': 1950, 'budget': 12000, 'loss': 9.352045059204102, 'elapsed_seconds': 92.14771189994644}
TRAIN_grounded {'step': 2000, 'budget': 12000, 'loss': 7.370198726654053, 'elapsed_seconds': 94.70636670000385}
TRAIN_grounded {'step': 2050, 'budget': 12000, 'loss': 9.620038986206055, 'elapsed_seconds': 97.34643489995506}
TRAIN_grounded {'step': 2100, 'budget': 12000, 'loss': 9.777976989746094, 'elapsed_seconds': 99.65915269998368}
TRAIN_grounded {'step': 2150, 'budget': 12000, 'loss': 9.457849502563477, 'elapsed_seconds': 102.09616949991323}
TRAIN_grounded {'step': 2200, 'budget': 12000, 'loss': 9.86444091796875, 'elapsed_seconds': 104.04168459994253}
TRAIN_grounded {'step': 2250, 'budget': 12000, 'loss': 9.601831436157227, 'elapsed_seconds': 106.46286659990437}
TRAIN_grounded {'step': 2300, 'budget': 12000, 'loss': 8.732488632202148, 'elapsed_seconds': 108.96576469996944}
TRAIN_grounded {'step': 2350, 'budget': 12000, 'loss': 9.45472526550293, 'elapsed_seconds': 111.25431949994527}
TRAIN_grounded {'step': 2400, 'budget': 12000, 'loss': 8.566617012023926, 'elapsed_seconds': 113.83016079990193}
TRAIN_grounded {'step': 2450, 'budget': 12000, 'loss': 9.526561737060547, 'elapsed_seconds': 116.28303249995224}
TRAIN_grounded {'step': 2500, 'budget': 12000, 'loss': 9.227762222290039, 'elapsed_seconds': 118.67859249992762}
TRAIN_grounded {'step': 2550, 'budget': 12000, 'loss': 8.42540168762207, 'elapsed_seconds': 121.59071399993263}
TRAIN_grounded {'step': 2600, 'budget': 12000, 'loss': 8.681906700134277, 'elapsed_seconds': 123.9671147998888}
TRAIN_grounded {'step': 2650, 'budget': 12000, 'loss': 8.717849731445312, 'elapsed_seconds': 126.76373619993683}
TRAIN_grounded {'step': 2700, 'budget': 12000, 'loss': 8.553326606750488, 'elapsed_seconds': 129.29756819992326}
TRAIN_grounded {'step': 2750, 'budget': 12000, 'loss': 9.041166305541992, 'elapsed_seconds': 131.76550899993163}
TRAIN_grounded {'step': 2800, 'budget': 12000, 'loss': 8.123937606811523, 'elapsed_seconds': 134.86143989989068}
TRAIN_grounded {'step': 2850, 'budget': 12000, 'loss': 8.129995346069336, 'elapsed_seconds': 137.26052529993467}
TRAIN_grounded {'step': 2900, 'budget': 12000, 'loss': 8.426691055297852, 'elapsed_seconds': 139.99807429988869}
TRAIN_grounded {'step': 2950, 'budget': 12000, 'loss': 8.566493034362793, 'elapsed_seconds': 142.30157349992078}
TRAIN_grounded {'step': 3000, 'budget': 12000, 'loss': 8.249855041503906, 'elapsed_seconds': 145.25070509989746}
TRAIN_grounded {'step': 3050, 'budget': 12000, 'loss': 7.37406587600708, 'elapsed_seconds': 148.0294088999508}
TRAIN_grounded {'step': 3100, 'budget': 12000, 'loss': 8.352174758911133, 'elapsed_seconds': 150.83399249997456}
TRAIN_grounded {'step': 3150, 'budget': 12000, 'loss': 8.136287689208984, 'elapsed_seconds': 153.1367512999568}
TRAIN_grounded {'step': 3200, 'budget': 12000, 'loss': 7.684780120849609, 'elapsed_seconds': 155.38289409992285}
TRAIN_grounded {'step': 3250, 'budget': 12000, 'loss': 8.3240966796875, 'elapsed_seconds': 157.82099789998028}
TRAIN_grounded {'step': 3300, 'budget': 12000, 'loss': 7.011605262756348, 'elapsed_seconds': 160.38167609996162}
TRAIN_grounded {'step': 3350, 'budget': 12000, 'loss': 7.327165603637695, 'elapsed_seconds': 162.9572040999774}
TRAIN_grounded {'step': 3400, 'budget': 12000, 'loss': 7.2447919845581055, 'elapsed_seconds': 165.8061787999468}
TRAIN_grounded {'step': 3450, 'budget': 12000, 'loss': 7.745532989501953, 'elapsed_seconds': 168.22206049994566}
TRAIN_grounded {'step': 3500, 'budget': 12000, 'loss': 7.640377044677734, 'elapsed_seconds': 171.07644699991215}
TRAIN_grounded {'step': 3550, 'budget': 12000, 'loss': 6.554705619812012, 'elapsed_seconds': 174.19640719995368}
TRAIN_grounded {'step': 3600, 'budget': 12000, 'loss': 7.139357566833496, 'elapsed_seconds': 176.4421707999427}
TRAIN_grounded {'step': 3650, 'budget': 12000, 'loss': 7.2810959815979, 'elapsed_seconds': 178.58448219997808}
TRAIN_grounded {'step': 3700, 'budget': 12000, 'loss': 7.430187225341797, 'elapsed_seconds': 180.77102240000386}
TRAIN_grounded {'step': 3750, 'budget': 12000, 'loss': 7.452914237976074, 'elapsed_seconds': 183.0047211999772}
TRAIN_grounded {'step': 3800, 'budget': 12000, 'loss': 5.679143905639648, 'elapsed_seconds': 185.81743840000127}
TRAIN_grounded {'step': 3850, 'budget': 12000, 'loss': 6.361997604370117, 'elapsed_seconds': 187.79264050000347}
TRAIN_grounded {'step': 3900, 'budget': 12000, 'loss': 6.410700798034668, 'elapsed_seconds': 189.8675405998947}
TRAIN_grounded {'step': 3950, 'budget': 12000, 'loss': 6.450257301330566, 'elapsed_seconds': 192.04240979999304}
TRAIN_grounded {'step': 4000, 'budget': 12000, 'loss': 6.461976051330566, 'elapsed_seconds': 194.32637189992238}
TRAIN_grounded {'step': 4050, 'budget': 12000, 'loss': 6.831430435180664, 'elapsed_seconds': 197.40313209989108}
TRAIN_grounded {'step': 4100, 'budget': 12000, 'loss': 7.277515888214111, 'elapsed_seconds': 199.5418882999802}
TRAIN_grounded {'step': 4150, 'budget': 12000, 'loss': 7.573664665222168, 'elapsed_seconds': 201.60707679996267}
TRAIN_grounded {'step': 4200, 'budget': 12000, 'loss': 7.5537638664245605, 'elapsed_seconds': 204.31236429989804}
TRAIN_grounded {'step': 4250, 'budget': 12000, 'loss': 8.05742073059082, 'elapsed_seconds': 206.84595569991507}
TRAIN_grounded {'step': 4300, 'budget': 12000, 'loss': 7.569045066833496, 'elapsed_seconds': 210.11559079994913}
TRAIN_grounded {'step': 4350, 'budget': 12000, 'loss': 7.630864143371582, 'elapsed_seconds': 212.43174249993172}
TRAIN_grounded {'step': 4400, 'budget': 12000, 'loss': 6.413994312286377, 'elapsed_seconds': 214.8520322999684}
TRAIN_grounded {'step': 4450, 'budget': 12000, 'loss': 6.947670936584473, 'elapsed_seconds': 217.26088449999224}
TRAIN_grounded {'step': 4500, 'budget': 12000, 'loss': 6.9855756759643555, 'elapsed_seconds': 219.9899851999944}
TRAIN_grounded {'step': 4550, 'budget': 12000, 'loss': 7.116635322570801, 'elapsed_seconds': 222.8559413999319}
TRAIN_grounded {'step': 4600, 'budget': 12000, 'loss': 7.268449783325195, 'elapsed_seconds': 225.61780199990608}
TRAIN_grounded {'step': 4650, 'budget': 12000, 'loss': 7.626802921295166, 'elapsed_seconds': 227.75429439998697}
TRAIN_grounded {'step': 4700, 'budget': 12000, 'loss': 8.062398910522461, 'elapsed_seconds': 230.2921578999376}
TRAIN_grounded {'step': 4750, 'budget': 12000, 'loss': 6.783535003662109, 'elapsed_seconds': 233.07759359991178}
TRAIN_grounded {'step': 4800, 'budget': 12000, 'loss': 6.918168067932129, 'elapsed_seconds': 235.9210767999757}
TRAIN_grounded {'step': 4850, 'budget': 12000, 'loss': 6.641839027404785, 'elapsed_seconds': 238.2785651999293}
TRAIN_grounded {'step': 4900, 'budget': 12000, 'loss': 7.051150321960449, 'elapsed_seconds': 240.66778259992134}
TRAIN_grounded {'step': 4950, 'budget': 12000, 'loss': 6.568291187286377, 'elapsed_seconds': 242.82875489990693}
TRAIN_grounded {'step': 5000, 'budget': 12000, 'loss': 7.242519855499268, 'elapsed_seconds': 245.61979949998204}
TRAIN_grounded {'step': 5050, 'budget': 12000, 'loss': 6.842347145080566, 'elapsed_seconds': 248.10730089992285}
TRAIN_grounded {'step': 5100, 'budget': 12000, 'loss': 7.3789215087890625, 'elapsed_seconds': 250.676006799913}
TRAIN_grounded {'step': 5150, 'budget': 12000, 'loss': 5.746443748474121, 'elapsed_seconds': 252.92972519993782}
TRAIN_grounded {'step': 5200, 'budget': 12000, 'loss': 5.989233016967773, 'elapsed_seconds': 255.57340989995282}
TRAIN_grounded {'step': 5250, 'budget': 12000, 'loss': 6.323957920074463, 'elapsed_seconds': 258.6488529999042}
TRAIN_grounded {'step': 5300, 'budget': 12000, 'loss': 6.3557329177856445, 'elapsed_seconds': 261.70771649992093}
TRAIN_grounded {'step': 5350, 'budget': 12000, 'loss': 6.078067302703857, 'elapsed_seconds': 264.06363639992196}
TRAIN_grounded {'step': 5400, 'budget': 12000, 'loss': 6.533594131469727, 'elapsed_seconds': 267.3047045998974}
TRAIN_grounded {'step': 5450, 'budget': 12000, 'loss': 6.074948310852051, 'elapsed_seconds': 269.91339689993765}
TRAIN_grounded {'step': 5500, 'budget': 12000, 'loss': 5.408957004547119, 'elapsed_seconds': 272.26253979990724}
TRAIN_grounded {'step': 5550, 'budget': 12000, 'loss': 5.246732711791992, 'elapsed_seconds': 274.81487619993277}
TRAIN_grounded {'step': 5600, 'budget': 12000, 'loss': 6.343899726867676, 'elapsed_seconds': 277.51442849996965}
TRAIN_grounded {'step': 5650, 'budget': 12000, 'loss': 5.465511322021484, 'elapsed_seconds': 280.0541533998912}
TRAIN_grounded {'step': 5700, 'budget': 12000, 'loss': 6.145150661468506, 'elapsed_seconds': 282.6122103999369}
TRAIN_grounded {'step': 5750, 'budget': 12000, 'loss': 5.974250316619873, 'elapsed_seconds': 285.3165171999717}
TRAIN_grounded {'step': 5800, 'budget': 12000, 'loss': 6.001609802246094, 'elapsed_seconds': 287.9010648999829}
TRAIN_grounded {'step': 5850, 'budget': 12000, 'loss': 4.61468505859375, 'elapsed_seconds': 290.5280404998921}
TRAIN_grounded {'step': 5900, 'budget': 12000, 'loss': 5.668221473693848, 'elapsed_seconds': 292.9959052999038}
TRAIN_grounded {'step': 5950, 'budget': 12000, 'loss': 5.808602809906006, 'elapsed_seconds': 295.59879609989}
TRAIN_grounded {'step': 6000, 'budget': 12000, 'loss': 5.1600799560546875, 'elapsed_seconds': 298.4550635999767}
TRAIN_grounded {'step': 6050, 'budget': 12000, 'loss': 5.546398162841797, 'elapsed_seconds': 301.1502831999678}
TRAIN_grounded {'step': 6100, 'budget': 12000, 'loss': 5.370146751403809, 'elapsed_seconds': 303.29464459989686}
TRAIN_grounded {'step': 6150, 'budget': 12000, 'loss': 5.6367669105529785, 'elapsed_seconds': 305.56559839996044}
TRAIN_grounded {'step': 6200, 'budget': 12000, 'loss': 5.885439395904541, 'elapsed_seconds': 307.8875556999119}
TRAIN_grounded {'step': 6250, 'budget': 12000, 'loss': 4.463321685791016, 'elapsed_seconds': 310.2647025999613}
TRAIN_grounded {'step': 6300, 'budget': 12000, 'loss': 4.896426200866699, 'elapsed_seconds': 312.9555698999902}
TRAIN_grounded {'step': 6350, 'budget': 12000, 'loss': 4.852290630340576, 'elapsed_seconds': 315.18625309993513}
TRAIN_grounded {'step': 6400, 'budget': 12000, 'loss': 5.439558982849121, 'elapsed_seconds': 317.51614179997705}
TRAIN_grounded {'step': 6450, 'budget': 12000, 'loss': 4.837859630584717, 'elapsed_seconds': 319.9087430998916}
TRAIN_grounded {'step': 6500, 'budget': 12000, 'loss': 5.290046691894531, 'elapsed_seconds': 322.83614849997684}
TRAIN_grounded {'step': 6550, 'budget': 12000, 'loss': 5.61800479888916, 'elapsed_seconds': 325.8366737999022}
TRAIN_grounded {'step': 6600, 'budget': 12000, 'loss': 3.296726942062378, 'elapsed_seconds': 328.258366099908}
TRAIN_grounded {'step': 6650, 'budget': 12000, 'loss': 4.053446292877197, 'elapsed_seconds': 330.7733791999053}
TRAIN_grounded {'step': 6700, 'budget': 12000, 'loss': 4.063299179077148, 'elapsed_seconds': 333.12742849998176}
TRAIN_grounded {'step': 6750, 'budget': 12000, 'loss': 4.66475772857666, 'elapsed_seconds': 335.97427499992773}
TRAIN_grounded {'step': 6800, 'budget': 12000, 'loss': 4.748961448669434, 'elapsed_seconds': 338.8735128999688}
TRAIN_grounded {'step': 6850, 'budget': 12000, 'loss': 5.409388065338135, 'elapsed_seconds': 341.0145825999789}
TRAIN_grounded {'step': 6900, 'budget': 12000, 'loss': 4.6487274169921875, 'elapsed_seconds': 343.6831693999702}
TRAIN_grounded {'step': 6950, 'budget': 12000, 'loss': 3.350278854370117, 'elapsed_seconds': 346.51487889990676}
TRAIN_grounded {'step': 7000, 'budget': 12000, 'loss': 4.233448028564453, 'elapsed_seconds': 348.99171769991517}
TRAIN_grounded {'step': 7050, 'budget': 12000, 'loss': 5.218306541442871, 'elapsed_seconds': 351.71379809989594}
TRAIN_grounded {'step': 7100, 'budget': 12000, 'loss': 5.091876029968262, 'elapsed_seconds': 354.1712552999379}
TRAIN_grounded {'step': 7150, 'budget': 12000, 'loss': 5.166484355926514, 'elapsed_seconds': 356.6390831999015}
TRAIN_grounded {'step': 7200, 'budget': 12000, 'loss': 5.931210517883301, 'elapsed_seconds': 358.7957782999147}
TRAIN_grounded {'step': 7250, 'budget': 12000, 'loss': 5.150963306427002, 'elapsed_seconds': 361.8311274999287}
TRAIN_grounded {'step': 7300, 'budget': 12000, 'loss': 5.871236324310303, 'elapsed_seconds': 364.79211219993886}
TRAIN_grounded {'step': 7350, 'budget': 12000, 'loss': 5.988519668579102, 'elapsed_seconds': 367.16779839992523}
TRAIN_grounded {'step': 7400, 'budget': 12000, 'loss': 5.93324613571167, 'elapsed_seconds': 369.73531869996805}
TRAIN_grounded {'step': 7450, 'budget': 12000, 'loss': 6.269699573516846, 'elapsed_seconds': 372.3210717999609}
TRAIN_grounded {'step': 7500, 'budget': 12000, 'loss': 3.7309017181396484, 'elapsed_seconds': 374.7209673000034}
TRAIN_grounded {'step': 7550, 'budget': 12000, 'loss': 4.100490093231201, 'elapsed_seconds': 377.6969318999909}
TRAIN_grounded {'step': 7600, 'budget': 12000, 'loss': 4.823364734649658, 'elapsed_seconds': 380.4488947999198}
TRAIN_grounded {'step': 7650, 'budget': 12000, 'loss': 5.125138282775879, 'elapsed_seconds': 382.91993539989926}
TRAIN_grounded {'step': 7700, 'budget': 12000, 'loss': 4.86757230758667, 'elapsed_seconds': 385.47970149992034}
TRAIN_grounded {'step': 7750, 'budget': 12000, 'loss': 5.042847633361816, 'elapsed_seconds': 387.75348439998925}
TRAIN_grounded {'step': 7800, 'budget': 12000, 'loss': 5.388645172119141, 'elapsed_seconds': 390.2780238999985}
TRAIN_grounded {'step': 7850, 'budget': 12000, 'loss': 5.695968151092529, 'elapsed_seconds': 392.56817319989204}
TRAIN_grounded {'step': 7900, 'budget': 12000, 'loss': 5.589043617248535, 'elapsed_seconds': 394.80754710000474}
TRAIN_grounded {'step': 7950, 'budget': 12000, 'loss': 6.013485908508301, 'elapsed_seconds': 397.19364589999896}
TRAIN_grounded {'step': 8000, 'budget': 12000, 'loss': 3.76619291305542, 'elapsed_seconds': 399.9359209999675}
TRAIN_grounded {'step': 8050, 'budget': 12000, 'loss': 3.6905078887939453, 'elapsed_seconds': 402.67539039999247}
TRAIN_grounded {'step': 8100, 'budget': 12000, 'loss': 4.381730079650879, 'elapsed_seconds': 405.12212329998147}
TRAIN_grounded {'step': 8150, 'budget': 12000, 'loss': 5.24895715713501, 'elapsed_seconds': 407.6950482999673}
TRAIN_grounded {'step': 8200, 'budget': 12000, 'loss': 4.768008232116699, 'elapsed_seconds': 409.83275139995385}
TRAIN_grounded {'step': 8250, 'budget': 12000, 'loss': 4.674246788024902, 'elapsed_seconds': 412.29178109997883}
TRAIN_grounded {'step': 8300, 'budget': 12000, 'loss': 5.037724494934082, 'elapsed_seconds': 414.7355114999227}
TRAIN_grounded {'step': 8350, 'budget': 12000, 'loss': 4.998620510101318, 'elapsed_seconds': 416.7662332999753}
TRAIN_grounded {'step': 8400, 'budget': 12000, 'loss': 5.026061534881592, 'elapsed_seconds': 419.05782159999944}
TRAIN_grounded {'step': 8450, 'budget': 12000, 'loss': 4.779431343078613, 'elapsed_seconds': 421.45292179996613}
TRAIN_grounded {'step': 8500, 'budget': 12000, 'loss': 4.0647664070129395, 'elapsed_seconds': 424.17914559994824}
TRAIN_grounded {'step': 8550, 'budget': 12000, 'loss': 4.113004207611084, 'elapsed_seconds': 426.7732180999592}
TRAIN_grounded {'step': 8600, 'budget': 12000, 'loss': 3.7000222206115723, 'elapsed_seconds': 429.2365474998951}
TRAIN_grounded {'step': 8650, 'budget': 12000, 'loss': 4.7441511154174805, 'elapsed_seconds': 431.56550369993784}
TRAIN_grounded {'step': 8700, 'budget': 12000, 'loss': 4.3324127197265625, 'elapsed_seconds': 434.2727801000001}
TRAIN_grounded {'step': 8750, 'budget': 12000, 'loss': 4.374082565307617, 'elapsed_seconds': 436.4009354999289}
TRAIN_grounded {'step': 8800, 'budget': 12000, 'loss': 4.755378723144531, 'elapsed_seconds': 439.34281790000387}
TRAIN_grounded {'step': 8850, 'budget': 12000, 'loss': 4.965841770172119, 'elapsed_seconds': 442.24779499997385}
TRAIN_grounded {'step': 8900, 'budget': 12000, 'loss': 4.7371721267700195, 'elapsed_seconds': 444.9318001999054}
TRAIN_grounded {'step': 8950, 'budget': 12000, 'loss': 3.4450440406799316, 'elapsed_seconds': 447.6046969000017}
TRAIN_grounded {'step': 9000, 'budget': 12000, 'loss': 3.513990879058838, 'elapsed_seconds': 450.02675530000124}
TRAIN_grounded {'step': 9050, 'budget': 12000, 'loss': 3.926380157470703, 'elapsed_seconds': 452.4292087999638}
TRAIN_grounded {'step': 9100, 'budget': 12000, 'loss': 4.056599140167236, 'elapsed_seconds': 455.09689229994547}
TRAIN_grounded {'step': 9150, 'budget': 12000, 'loss': 3.9398748874664307, 'elapsed_seconds': 457.3019084999105}
TRAIN_grounded {'step': 9200, 'budget': 12000, 'loss': 4.764235973358154, 'elapsed_seconds': 459.77540709997993}
TRAIN_grounded {'step': 9250, 'budget': 12000, 'loss': 4.059718608856201, 'elapsed_seconds': 461.9452117999317}
TRAIN_grounded {'step': 9300, 'budget': 12000, 'loss': 4.3896307945251465, 'elapsed_seconds': 464.73867229989264}
TRAIN_grounded {'step': 9350, 'budget': 12000, 'loss': 4.6808762550354, 'elapsed_seconds': 467.0485827999655}
TRAIN_grounded {'step': 9400, 'budget': 12000, 'loss': 4.553695201873779, 'elapsed_seconds': 469.8470044999849}
TRAIN_grounded {'step': 9450, 'budget': 12000, 'loss': 2.928840398788452, 'elapsed_seconds': 472.2658091998892}
TRAIN_grounded {'step': 9500, 'budget': 12000, 'loss': 3.941347122192383, 'elapsed_seconds': 474.7980583999306}
TRAIN_grounded {'step': 9550, 'budget': 12000, 'loss': 2.898573637008667, 'elapsed_seconds': 477.6806446999544}
TRAIN_grounded {'step': 9600, 'budget': 12000, 'loss': 3.218611240386963, 'elapsed_seconds': 480.3942284999648}
TRAIN_grounded {'step': 9650, 'budget': 12000, 'loss': 2.958197832107544, 'elapsed_seconds': 482.49731559993234}
TRAIN_grounded {'step': 9700, 'budget': 12000, 'loss': 4.22532844543457, 'elapsed_seconds': 485.07419449998997}
TRAIN_grounded {'step': 9750, 'budget': 12000, 'loss': 3.955626964569092, 'elapsed_seconds': 487.39544649992604}
TRAIN_grounded {'step': 9800, 'budget': 12000, 'loss': 4.092535495758057, 'elapsed_seconds': 490.28471129992977}
TRAIN_grounded {'step': 9850, 'budget': 12000, 'loss': 3.956064224243164, 'elapsed_seconds': 492.5548675999744}
TRAIN_grounded {'step': 9900, 'budget': 12000, 'loss': 4.068512916564941, 'elapsed_seconds': 494.7231969999848}
TRAIN_grounded {'step': 9950, 'budget': 12000, 'loss': 2.9681553840637207, 'elapsed_seconds': 496.8675876999041}
TRAIN_grounded {'step': 10000, 'budget': 12000, 'loss': 2.8354108333587646, 'elapsed_seconds': 499.5285635999171}
TRAIN_grounded {'step': 10050, 'budget': 12000, 'loss': 3.0179617404937744, 'elapsed_seconds': 502.09753939998336}
TRAIN_grounded {'step': 10100, 'budget': 12000, 'loss': 3.0034046173095703, 'elapsed_seconds': 504.6644036999205}
TRAIN_grounded {'step': 10150, 'budget': 12000, 'loss': 3.0871734619140625, 'elapsed_seconds': 507.35223039996345}
TRAIN_grounded {'step': 10200, 'budget': 12000, 'loss': 3.323949098587036, 'elapsed_seconds': 509.5887218998978}
TRAIN_grounded {'step': 10250, 'budget': 12000, 'loss': 3.3923521041870117, 'elapsed_seconds': 511.89410239993595}
TRAIN_grounded {'step': 10300, 'budget': 12000, 'loss': 3.565410614013672, 'elapsed_seconds': 514.6488764999667}
TRAIN_grounded {'step': 10350, 'budget': 12000, 'loss': 3.230376958847046, 'elapsed_seconds': 517.1182340999367}
TRAIN_grounded {'step': 10400, 'budget': 12000, 'loss': 2.422919273376465, 'elapsed_seconds': 519.9564851999748}
TRAIN_grounded {'step': 10450, 'budget': 12000, 'loss': 2.178706645965576, 'elapsed_seconds': 522.1204232999589}
TRAIN_grounded {'step': 10500, 'budget': 12000, 'loss': 2.6733903884887695, 'elapsed_seconds': 524.2354987999424}
TRAIN_grounded {'step': 10550, 'budget': 12000, 'loss': 3.0087757110595703, 'elapsed_seconds': 526.550665399991}
TRAIN_grounded {'step': 10600, 'budget': 12000, 'loss': 3.1671078205108643, 'elapsed_seconds': 528.9734619999072}
TRAIN_grounded {'step': 10650, 'budget': 12000, 'loss': 3.361992120742798, 'elapsed_seconds': 531.4630021998892}
TRAIN_grounded {'step': 10700, 'budget': 12000, 'loss': 3.045748472213745, 'elapsed_seconds': 534.0710858999519}
TRAIN_grounded {'step': 10750, 'budget': 12000, 'loss': 3.643627166748047, 'elapsed_seconds': 536.6735104999971}
TRAIN_grounded {'step': 10800, 'budget': 12000, 'loss': 3.2375636100769043, 'elapsed_seconds': 539.406250400003}
TRAIN_grounded {'step': 10850, 'budget': 12000, 'loss': 3.3777146339416504, 'elapsed_seconds': 541.5040136999451}
TRAIN_grounded {'step': 10900, 'budget': 12000, 'loss': 2.2013790607452393, 'elapsed_seconds': 543.466402699938}
TRAIN_grounded {'step': 10950, 'budget': 12000, 'loss': 2.2783267498016357, 'elapsed_seconds': 545.8039272999158}
TRAIN_grounded {'step': 11000, 'budget': 12000, 'loss': 2.585618257522583, 'elapsed_seconds': 548.5218134999741}
TRAIN_grounded {'step': 11050, 'budget': 12000, 'loss': 2.2755496501922607, 'elapsed_seconds': 551.1430955999531}
TRAIN_grounded {'step': 11100, 'budget': 12000, 'loss': 2.6581661701202393, 'elapsed_seconds': 553.5690410999814}
TRAIN_grounded {'step': 11150, 'budget': 12000, 'loss': 2.4983859062194824, 'elapsed_seconds': 555.9316920998972}
TRAIN_grounded {'step': 11200, 'budget': 12000, 'loss': 3.1032276153564453, 'elapsed_seconds': 558.1169732999988}
TRAIN_grounded {'step': 11250, 'budget': 12000, 'loss': 3.217175006866455, 'elapsed_seconds': 560.380449899938}
TRAIN_grounded {'step': 11300, 'budget': 12000, 'loss': 3.2480742931365967, 'elapsed_seconds': 563.690996499965}
TRAIN_grounded {'step': 11350, 'budget': 12000, 'loss': 2.953327178955078, 'elapsed_seconds': 565.795418499969}
TRAIN_grounded {'step': 11400, 'budget': 12000, 'loss': 2.0970754623413086, 'elapsed_seconds': 568.3731896999525}
TRAIN_grounded {'step': 11450, 'budget': 12000, 'loss': 2.4447073936462402, 'elapsed_seconds': 570.6872828999767}
TRAIN_grounded {'step': 11500, 'budget': 12000, 'loss': 2.5790207386016846, 'elapsed_seconds': 572.9380928999744}
TRAIN_grounded {'step': 11550, 'budget': 12000, 'loss': 2.617854595184326, 'elapsed_seconds': 575.7730130999116}
TRAIN_grounded {'step': 11600, 'budget': 12000, 'loss': 2.7284693717956543, 'elapsed_seconds': 578.0822665999876}
TRAIN_grounded {'step': 11650, 'budget': 12000, 'loss': 2.625443696975708, 'elapsed_seconds': 580.6167539999587}
TRAIN_grounded {'step': 11700, 'budget': 12000, 'loss': 2.546224594116211, 'elapsed_seconds': 583.0977225999814}
TRAIN_grounded {'step': 11750, 'budget': 12000, 'loss': 2.658743381500244, 'elapsed_seconds': 585.6023003999144}
TRAIN_grounded {'step': 11800, 'budget': 12000, 'loss': 3.062999725341797, 'elapsed_seconds': 588.4893866999773}
TRAIN_grounded {'step': 11850, 'budget': 12000, 'loss': 1.9715441465377808, 'elapsed_seconds': 590.778280199971}
TRAIN_grounded {'step': 11900, 'budget': 12000, 'loss': 2.294290065765381, 'elapsed_seconds': 593.6934179998934}
TRAIN_grounded {'step': 11950, 'budget': 12000, 'loss': 2.0000011920928955, 'elapsed_seconds': 595.9989162998972}
TRAIN_grounded {'step': 12000, 'budget': 12000, 'loss': 2.123605251312256, 'elapsed_seconds': 598.4563426999375}
MATCHED_EXTENSION_TO_20000 {'initial_id': {'baseline': {'by_hop': {'2': {'correct': 8, 'total': 750, 'accuracy': 0.010666666666666666}, '3': {'correct': 4, 'total': 750, 'accuracy': 0.005333333333333333}, '4': {'correct': 10, 'total': 750, 'accuracy': 0.013333333333333334}, '5': {'correct': 3, 'total': 750, 'accuracy': 0.004}}, 'macro': 0.008333333333333335}, 'grounded': {'by_hop': {'2': {'correct': 145, 'total': 750, 'accuracy': 0.19333333333333333}, '3': {'correct': 27, 'total': 750, 'accuracy': 0.036}, '4': {'correct': 6, 'total': 750, 'accuracy': 0.008}, '5': {'correct': 4, 'total': 750, 'accuracy': 0.005333333333333333}}, 'macro': 0.06066666666666667}}}
TRAIN_baseline {'step': 12050, 'budget': 20000, 'loss': 0.665526807308197, 'elapsed_seconds': 593.1019037999213}
TRAIN_baseline {'step': 12100, 'budget': 20000, 'loss': 0.4024507999420166, 'elapsed_seconds': 595.4441174999811}
TRAIN_baseline {'step': 12150, 'budget': 20000, 'loss': 0.8157657384872437, 'elapsed_seconds': 598.6442047999008}
TRAIN_baseline {'step': 12200, 'budget': 20000, 'loss': 0.7380136251449585, 'elapsed_seconds': 601.3636248999974}
TRAIN_baseline {'step': 12250, 'budget': 20000, 'loss': 0.7941590547561646, 'elapsed_seconds': 604.1850629999535}
TRAIN_baseline {'step': 12300, 'budget': 20000, 'loss': 0.7700157165527344, 'elapsed_seconds': 607.5366447999841}
TRAIN_baseline {'step': 12350, 'budget': 20000, 'loss': 0.9298151731491089, 'elapsed_seconds': 609.9574957999866}
TRAIN_baseline {'step': 12400, 'budget': 20000, 'loss': 0.928026556968689, 'elapsed_seconds': 612.645209099981}
TRAIN_baseline {'step': 12450, 'budget': 20000, 'loss': 0.8259134888648987, 'elapsed_seconds': 615.2534755999222}
TRAIN_baseline {'step': 12500, 'budget': 20000, 'loss': 0.3906445801258087, 'elapsed_seconds': 617.967037800001}
TRAIN_baseline {'step': 12550, 'budget': 20000, 'loss': 0.5979363918304443, 'elapsed_seconds': 620.6348261999665}
TRAIN_baseline {'step': 12600, 'budget': 20000, 'loss': 0.23278425633907318, 'elapsed_seconds': 623.5131156999851}
TRAIN_baseline {'step': 12650, 'budget': 20000, 'loss': 0.48409217596054077, 'elapsed_seconds': 625.9471621999983}
TRAIN_baseline {'step': 12700, 'budget': 20000, 'loss': 0.4599858224391937, 'elapsed_seconds': 628.7210975999478}
TRAIN_baseline {'step': 12750, 'budget': 20000, 'loss': 0.6330351829528809, 'elapsed_seconds': 631.3982200999744}
TRAIN_baseline {'step': 12800, 'budget': 20000, 'loss': 0.7753132581710815, 'elapsed_seconds': 634.2997697999235}
TRAIN_baseline {'step': 12850, 'budget': 20000, 'loss': 0.7323789596557617, 'elapsed_seconds': 637.1615567998961}
TRAIN_baseline {'step': 12900, 'budget': 20000, 'loss': 0.8629802465438843, 'elapsed_seconds': 639.5582953999983}
TRAIN_baseline {'step': 12950, 'budget': 20000, 'loss': 0.7677813768386841, 'elapsed_seconds': 642.2736503999913}
TRAIN_baseline {'step': 13000, 'budget': 20000, 'loss': 0.44587820768356323, 'elapsed_seconds': 644.8934824999887}
TRAIN_baseline {'step': 13050, 'budget': 20000, 'loss': 0.5284399390220642, 'elapsed_seconds': 648.171641199966}
TRAIN_baseline {'step': 13100, 'budget': 20000, 'loss': 0.49865853786468506, 'elapsed_seconds': 650.4489599999506}
TRAIN_baseline {'step': 13150, 'budget': 20000, 'loss': 0.4485449492931366, 'elapsed_seconds': 653.1712802000111}
TRAIN_baseline {'step': 13200, 'budget': 20000, 'loss': 0.4844452738761902, 'elapsed_seconds': 655.4741926999995}
TRAIN_baseline {'step': 13250, 'budget': 20000, 'loss': 0.6992635726928711, 'elapsed_seconds': 657.7254935000092}
TRAIN_baseline {'step': 13300, 'budget': 20000, 'loss': 0.659604549407959, 'elapsed_seconds': 660.3751288999338}
TRAIN_baseline {'step': 13350, 'budget': 20000, 'loss': 0.5834684371948242, 'elapsed_seconds': 662.7497514999704}
TRAIN_baseline {'step': 13400, 'budget': 20000, 'loss': 0.6140291690826416, 'elapsed_seconds': 665.6510686998954}
TRAIN_baseline {'step': 13450, 'budget': 20000, 'loss': 0.6550935506820679, 'elapsed_seconds': 668.7293065999402}
TRAIN_baseline {'step': 13500, 'budget': 20000, 'loss': 0.4209553897380829, 'elapsed_seconds': 671.818389999913}
TRAIN_baseline {'step': 13550, 'budget': 20000, 'loss': 0.26329153776168823, 'elapsed_seconds': 674.554364199983}
TRAIN_baseline {'step': 13600, 'budget': 20000, 'loss': 0.47971832752227783, 'elapsed_seconds': 676.7861816999502}
TRAIN_baseline {'step': 13650, 'budget': 20000, 'loss': 0.5398390293121338, 'elapsed_seconds': 679.6543256998993}
TRAIN_baseline {'step': 13700, 'budget': 20000, 'loss': 0.4879905581474304, 'elapsed_seconds': 682.3887966999318}
TRAIN_baseline {'step': 13750, 'budget': 20000, 'loss': 0.4358353912830353, 'elapsed_seconds': 684.5037269999739}
TRAIN_baseline {'step': 13800, 'budget': 20000, 'loss': 0.4522676169872284, 'elapsed_seconds': 687.1724045999581}
TRAIN_baseline {'step': 13850, 'budget': 20000, 'loss': 0.5710252523422241, 'elapsed_seconds': 689.8916941999923}
TRAIN_baseline {'step': 13900, 'budget': 20000, 'loss': 0.7203941345214844, 'elapsed_seconds': 692.3894932999974}
TRAIN_baseline {'step': 13950, 'budget': 20000, 'loss': 0.43922555446624756, 'elapsed_seconds': 694.701279199915}
TRAIN_baseline {'step': 14000, 'budget': 20000, 'loss': 0.38574960827827454, 'elapsed_seconds': 697.7821130999364}
TRAIN_baseline {'step': 14050, 'budget': 20000, 'loss': 0.502224326133728, 'elapsed_seconds': 700.4674954999937}
TRAIN_baseline {'step': 14100, 'budget': 20000, 'loss': 0.37179940938949585, 'elapsed_seconds': 703.2542218999006}
TRAIN_baseline {'step': 14150, 'budget': 20000, 'loss': 0.5635091662406921, 'elapsed_seconds': 705.6214223999996}
TRAIN_baseline {'step': 14200, 'budget': 20000, 'loss': 0.47294798493385315, 'elapsed_seconds': 708.2358136998955}
TRAIN_baseline {'step': 14250, 'budget': 20000, 'loss': 0.3516562581062317, 'elapsed_seconds': 710.7233933999669}
TRAIN_baseline {'step': 14300, 'budget': 20000, 'loss': 0.5050709247589111, 'elapsed_seconds': 713.7284860999789}
TRAIN_baseline {'step': 14350, 'budget': 20000, 'loss': 0.5524585247039795, 'elapsed_seconds': 716.2049253999721}
TRAIN_baseline {'step': 14400, 'budget': 20000, 'loss': 0.8196613192558289, 'elapsed_seconds': 718.6001756999176}
TRAIN_baseline {'step': 14450, 'budget': 20000, 'loss': 0.3407205045223236, 'elapsed_seconds': 720.892511999933}
TRAIN_baseline {'step': 14500, 'budget': 20000, 'loss': 0.321350634098053, 'elapsed_seconds': 723.2145633999025}
TRAIN_baseline {'step': 14550, 'budget': 20000, 'loss': 0.28189414739608765, 'elapsed_seconds': 726.268534099916}
TRAIN_baseline {'step': 14600, 'budget': 20000, 'loss': 0.3764381408691406, 'elapsed_seconds': 728.464055199991}
TRAIN_baseline {'step': 14650, 'budget': 20000, 'loss': 0.38863033056259155, 'elapsed_seconds': 731.4987804999109}
TRAIN_baseline {'step': 14700, 'budget': 20000, 'loss': 0.7636334300041199, 'elapsed_seconds': 734.5138840998989}
TRAIN_baseline {'step': 14750, 'budget': 20000, 'loss': 0.38531672954559326, 'elapsed_seconds': 737.0608372999122}
TRAIN_baseline {'step': 14800, 'budget': 20000, 'loss': 0.4145582318305969, 'elapsed_seconds': 740.1879249999765}
TRAIN_baseline {'step': 14850, 'budget': 20000, 'loss': 0.5177559852600098, 'elapsed_seconds': 743.0183061999269}
TRAIN_baseline {'step': 14900, 'budget': 20000, 'loss': 0.5434168577194214, 'elapsed_seconds': 745.766245799954}
TRAIN_baseline {'step': 14950, 'budget': 20000, 'loss': 0.2858680486679077, 'elapsed_seconds': 748.2099023999181}
TRAIN_baseline {'step': 15000, 'budget': 20000, 'loss': 0.38787397742271423, 'elapsed_seconds': 751.2254566999618}
TRAIN_baseline {'step': 15050, 'budget': 20000, 'loss': 0.3182169795036316, 'elapsed_seconds': 754.4533927999437}
TRAIN_baseline {'step': 15100, 'budget': 20000, 'loss': 0.22412069141864777, 'elapsed_seconds': 756.8632078999653}
TRAIN_baseline {'step': 15150, 'budget': 20000, 'loss': 0.5023161768913269, 'elapsed_seconds': 759.6218172999797}
TRAIN_baseline {'step': 15200, 'budget': 20000, 'loss': 0.4290474057197571, 'elapsed_seconds': 762.3293460999848}
TRAIN_baseline {'step': 15250, 'budget': 20000, 'loss': 0.45484381914138794, 'elapsed_seconds': 764.857475799974}
TRAIN_baseline {'step': 15300, 'budget': 20000, 'loss': 0.3761323094367981, 'elapsed_seconds': 767.4379529999569}
TRAIN_baseline {'step': 15350, 'budget': 20000, 'loss': 0.42078304290771484, 'elapsed_seconds': 770.2720195999136}
TRAIN_baseline {'step': 15400, 'budget': 20000, 'loss': 0.1825154721736908, 'elapsed_seconds': 773.5266964999028}
TRAIN_baseline {'step': 15450, 'budget': 20000, 'loss': 0.43207502365112305, 'elapsed_seconds': 776.4417331999866}
TRAIN_baseline {'step': 15500, 'budget': 20000, 'loss': 0.3427150249481201, 'elapsed_seconds': 778.5826955999946}
TRAIN_baseline {'step': 15550, 'budget': 20000, 'loss': 0.20559003949165344, 'elapsed_seconds': 781.3752700999612}
TRAIN_baseline {'step': 15600, 'budget': 20000, 'loss': 0.4456196427345276, 'elapsed_seconds': 783.6020368000027}
TRAIN_baseline {'step': 15650, 'budget': 20000, 'loss': 0.2983406186103821, 'elapsed_seconds': 785.8877022999804}
TRAIN_baseline {'step': 15700, 'budget': 20000, 'loss': 0.30810755491256714, 'elapsed_seconds': 787.9421619999921}
TRAIN_baseline {'step': 15750, 'budget': 20000, 'loss': 0.5062626600265503, 'elapsed_seconds': 790.4051335999975}
TRAIN_baseline {'step': 15800, 'budget': 20000, 'loss': 0.36260485649108887, 'elapsed_seconds': 792.9501924999058}
TRAIN_baseline {'step': 15850, 'budget': 20000, 'loss': 0.5656865835189819, 'elapsed_seconds': 795.0412995999213}
TRAIN_baseline {'step': 15900, 'budget': 20000, 'loss': 0.20456603169441223, 'elapsed_seconds': 797.3535051000072}
TRAIN_baseline {'step': 15950, 'budget': 20000, 'loss': 0.31781184673309326, 'elapsed_seconds': 799.7657693999354}
TRAIN_baseline {'step': 16000, 'budget': 20000, 'loss': 0.34747314453125, 'elapsed_seconds': 802.3761258999584}
TRAIN_baseline {'step': 16050, 'budget': 20000, 'loss': 0.41343697905540466, 'elapsed_seconds': 805.1397399998968}
TRAIN_baseline {'step': 16100, 'budget': 20000, 'loss': 0.458058625459671, 'elapsed_seconds': 807.5251085999189}
TRAIN_baseline {'step': 16150, 'budget': 20000, 'loss': 0.3646310269832611, 'elapsed_seconds': 810.4668575999094}
TRAIN_baseline {'step': 16200, 'budget': 20000, 'loss': 0.40563511848449707, 'elapsed_seconds': 813.4751448999159}
TRAIN_baseline {'step': 16250, 'budget': 20000, 'loss': 0.3735654950141907, 'elapsed_seconds': 816.325608199928}
TRAIN_baseline {'step': 16300, 'budget': 20000, 'loss': 0.30410459637641907, 'elapsed_seconds': 818.812141399947}
TRAIN_baseline {'step': 16350, 'budget': 20000, 'loss': 0.5506871938705444, 'elapsed_seconds': 821.6155700999079}
TRAIN_baseline {'step': 16400, 'budget': 20000, 'loss': 0.2287706881761551, 'elapsed_seconds': 823.8348088999046}
TRAIN_baseline {'step': 16450, 'budget': 20000, 'loss': 0.1982654333114624, 'elapsed_seconds': 826.5346110999817}
TRAIN_baseline {'step': 16500, 'budget': 20000, 'loss': 0.20464158058166504, 'elapsed_seconds': 829.3178698999109}
TRAIN_baseline {'step': 16550, 'budget': 20000, 'loss': 0.3862120807170868, 'elapsed_seconds': 832.2953398999525}
TRAIN_baseline {'step': 16600, 'budget': 20000, 'loss': 0.3784811794757843, 'elapsed_seconds': 834.9528733999468}
TRAIN_baseline {'step': 16650, 'budget': 20000, 'loss': 0.20342005789279938, 'elapsed_seconds': 837.359936999972}
TRAIN_baseline {'step': 16700, 'budget': 20000, 'loss': 0.3755483627319336, 'elapsed_seconds': 839.7578523999546}
TRAIN_baseline {'step': 16750, 'budget': 20000, 'loss': 0.3807332217693329, 'elapsed_seconds': 842.3109803999541}
TRAIN_baseline {'step': 16800, 'budget': 20000, 'loss': 0.3910934031009674, 'elapsed_seconds': 845.3210995999398}
TRAIN_baseline {'step': 16850, 'budget': 20000, 'loss': 0.18270185589790344, 'elapsed_seconds': 848.1658979000058}
TRAIN_baseline {'step': 16900, 'budget': 20000, 'loss': 0.14474138617515564, 'elapsed_seconds': 850.5258865999058}
TRAIN_baseline {'step': 16950, 'budget': 20000, 'loss': 0.2695349454879761, 'elapsed_seconds': 853.2955609000055}
TRAIN_baseline {'step': 17000, 'budget': 20000, 'loss': 0.11955901980400085, 'elapsed_seconds': 855.7699672000017}
TRAIN_baseline {'step': 17050, 'budget': 20000, 'loss': 0.3427235782146454, 'elapsed_seconds': 858.8132111999439}
TRAIN_baseline {'step': 17100, 'budget': 20000, 'loss': 0.31625083088874817, 'elapsed_seconds': 861.3757220999105}
TRAIN_baseline {'step': 17150, 'budget': 20000, 'loss': 0.41349154710769653, 'elapsed_seconds': 863.9389957999811}
TRAIN_baseline {'step': 17200, 'budget': 20000, 'loss': 0.25991567969322205, 'elapsed_seconds': 866.6479236999294}
TRAIN_baseline {'step': 17250, 'budget': 20000, 'loss': 0.2764151096343994, 'elapsed_seconds': 869.235011999961}
TRAIN_baseline {'step': 17300, 'budget': 20000, 'loss': 0.24756573140621185, 'elapsed_seconds': 872.6665551000042}
TRAIN_baseline {'step': 17350, 'budget': 20000, 'loss': 0.25631478428840637, 'elapsed_seconds': 875.6960530999349}
TRAIN_baseline {'step': 17400, 'budget': 20000, 'loss': 0.08279429376125336, 'elapsed_seconds': 878.8100359999808}
TRAIN_baseline {'step': 17450, 'budget': 20000, 'loss': 0.3490973711013794, 'elapsed_seconds': 882.0873203999363}
TRAIN_baseline {'step': 17500, 'budget': 20000, 'loss': 0.11801600456237793, 'elapsed_seconds': 885.2018232999835}
TRAIN_baseline {'step': 17550, 'budget': 20000, 'loss': 0.2813819646835327, 'elapsed_seconds': 887.9963278999785}
TRAIN_baseline {'step': 17600, 'budget': 20000, 'loss': 0.23358124494552612, 'elapsed_seconds': 890.4364884999814}
TRAIN_baseline {'step': 17650, 'budget': 20000, 'loss': 0.19846922159194946, 'elapsed_seconds': 893.1777391999494}
TRAIN_baseline {'step': 17700, 'budget': 20000, 'loss': 0.4070054888725281, 'elapsed_seconds': 895.5492984999437}
TRAIN_baseline {'step': 17750, 'budget': 20000, 'loss': 0.20917457342147827, 'elapsed_seconds': 897.9925794999581}
TRAIN_baseline {'step': 17800, 'budget': 20000, 'loss': 0.2776576578617096, 'elapsed_seconds': 901.0900663000066}
TRAIN_baseline {'step': 17850, 'budget': 20000, 'loss': 0.12343047559261322, 'elapsed_seconds': 903.5581583000021}
TRAIN_baseline {'step': 17900, 'budget': 20000, 'loss': 0.11538934707641602, 'elapsed_seconds': 905.8352096999297}
TRAIN_baseline {'step': 17950, 'budget': 20000, 'loss': 0.1776409149169922, 'elapsed_seconds': 908.7400946998969}
TRAIN_baseline {'step': 18000, 'budget': 20000, 'loss': 0.1982836127281189, 'elapsed_seconds': 911.5810363999335}
TRAIN_baseline {'step': 18050, 'budget': 20000, 'loss': 0.2229039967060089, 'elapsed_seconds': 914.3009682999691}
TRAIN_baseline {'step': 18100, 'budget': 20000, 'loss': 0.2681327164173126, 'elapsed_seconds': 916.7498531999299}
TRAIN_baseline {'step': 18150, 'budget': 20000, 'loss': 0.21171969175338745, 'elapsed_seconds': 919.2378509999253}
TRAIN_baseline {'step': 18200, 'budget': 20000, 'loss': 0.22920185327529907, 'elapsed_seconds': 921.6094606999541}
TRAIN_baseline {'step': 18250, 'budget': 20000, 'loss': 0.2243604212999344, 'elapsed_seconds': 924.0448828999652}
TRAIN_baseline {'step': 18300, 'budget': 20000, 'loss': 0.1271003782749176, 'elapsed_seconds': 927.4539693999104}
TRAIN_baseline {'step': 18350, 'budget': 20000, 'loss': 0.23089925944805145, 'elapsed_seconds': 930.1421194999712}
TRAIN_baseline {'step': 18400, 'budget': 20000, 'loss': 0.1904352754354477, 'elapsed_seconds': 932.5708605999826}
TRAIN_baseline {'step': 18450, 'budget': 20000, 'loss': 0.17378325760364532, 'elapsed_seconds': 935.3421927999007}
TRAIN_baseline {'step': 18500, 'budget': 20000, 'loss': 0.2071617692708969, 'elapsed_seconds': 937.8002179999603}
TRAIN_baseline {'step': 18550, 'budget': 20000, 'loss': 0.20448538661003113, 'elapsed_seconds': 940.4332055998966}
TRAIN_baseline {'step': 18600, 'budget': 20000, 'loss': 0.24401956796646118, 'elapsed_seconds': 943.023137299926}
TRAIN_baseline {'step': 18650, 'budget': 20000, 'loss': 0.20075266063213348, 'elapsed_seconds': 945.7095025999006}
TRAIN_baseline {'step': 18700, 'budget': 20000, 'loss': 0.20241284370422363, 'elapsed_seconds': 948.579932399909}
TRAIN_baseline {'step': 18750, 'budget': 20000, 'loss': 0.1721464842557907, 'elapsed_seconds': 951.1050256999442}
TRAIN_baseline {'step': 18800, 'budget': 20000, 'loss': 0.08088533580303192, 'elapsed_seconds': 954.4063255999936}
TRAIN_baseline {'step': 18850, 'budget': 20000, 'loss': 0.06420305371284485, 'elapsed_seconds': 956.735834299936}
TRAIN_baseline {'step': 18900, 'budget': 20000, 'loss': 0.060469817370176315, 'elapsed_seconds': 958.8975398999173}
TRAIN_baseline {'step': 18950, 'budget': 20000, 'loss': 0.12364044785499573, 'elapsed_seconds': 961.7293422999792}
TRAIN_baseline {'step': 19000, 'budget': 20000, 'loss': 0.10181127488613129, 'elapsed_seconds': 963.986594399903}
TRAIN_baseline {'step': 19050, 'budget': 20000, 'loss': 0.10246223956346512, 'elapsed_seconds': 967.182176399976}
TRAIN_baseline {'step': 19100, 'budget': 20000, 'loss': 0.297709584236145, 'elapsed_seconds': 970.064798999927}
TRAIN_baseline {'step': 19150, 'budget': 20000, 'loss': 0.14316073060035706, 'elapsed_seconds': 972.9596713999053}
TRAIN_baseline {'step': 19200, 'budget': 20000, 'loss': 0.06594491750001907, 'elapsed_seconds': 975.7550996999489}
TRAIN_baseline {'step': 19250, 'budget': 20000, 'loss': 0.17993444204330444, 'elapsed_seconds': 978.0936214999529}
TRAIN_baseline {'step': 19300, 'budget': 20000, 'loss': 0.07042986154556274, 'elapsed_seconds': 980.8930899999104}
TRAIN_baseline {'step': 19350, 'budget': 20000, 'loss': 0.09470394253730774, 'elapsed_seconds': 983.4862408000045}
TRAIN_baseline {'step': 19400, 'budget': 20000, 'loss': 0.09522006660699844, 'elapsed_seconds': 985.7648085999535}
TRAIN_baseline {'step': 19450, 'budget': 20000, 'loss': 0.09846969693899155, 'elapsed_seconds': 988.1207582999486}
TRAIN_baseline {'step': 19500, 'budget': 20000, 'loss': 0.09129512310028076, 'elapsed_seconds': 990.4398832999868}
TRAIN_baseline {'step': 19550, 'budget': 20000, 'loss': 0.118673175573349, 'elapsed_seconds': 993.6848422999028}
TRAIN_baseline {'step': 19600, 'budget': 20000, 'loss': 0.11437327414751053, 'elapsed_seconds': 996.5001974999905}
TRAIN_baseline {'step': 19650, 'budget': 20000, 'loss': 0.10250791162252426, 'elapsed_seconds': 999.0555347999325}
TRAIN_baseline {'step': 19700, 'budget': 20000, 'loss': 0.13324368000030518, 'elapsed_seconds': 1001.6751252999529}
TRAIN_baseline {'step': 19750, 'budget': 20000, 'loss': 0.07239063084125519, 'elapsed_seconds': 1004.2016907999059}
TRAIN_baseline {'step': 19800, 'budget': 20000, 'loss': 0.05575999617576599, 'elapsed_seconds': 1007.5497890999541}
TRAIN_baseline {'step': 19850, 'budget': 20000, 'loss': 0.07284153252840042, 'elapsed_seconds': 1010.5869538999395}
TRAIN_baseline {'step': 19900, 'budget': 20000, 'loss': 0.06894239783287048, 'elapsed_seconds': 1013.3946780998958}
TRAIN_baseline {'step': 19950, 'budget': 20000, 'loss': 0.05347583442926407, 'elapsed_seconds': 1016.0337518999586}
TRAIN_baseline {'step': 20000, 'budget': 20000, 'loss': 0.06085128337144852, 'elapsed_seconds': 1018.7984604999656}
TRAIN_grounded {'step': 12050, 'budget': 20000, 'loss': 2.0089797973632812, 'elapsed_seconds': 600.8131042999448}
TRAIN_grounded {'step': 12100, 'budget': 20000, 'loss': 1.7523307800292969, 'elapsed_seconds': 603.2830377998762}
TRAIN_grounded {'step': 12150, 'budget': 20000, 'loss': 2.0327131748199463, 'elapsed_seconds': 605.6237317998894}
TRAIN_grounded {'step': 12200, 'budget': 20000, 'loss': 2.148872137069702, 'elapsed_seconds': 607.7220730999252}
TRAIN_grounded {'step': 12250, 'budget': 20000, 'loss': 1.951935052871704, 'elapsed_seconds': 610.8043066998944}
TRAIN_grounded {'step': 12300, 'budget': 20000, 'loss': 2.215155601501465, 'elapsed_seconds': 613.5961538999109}
TRAIN_grounded {'step': 12350, 'budget': 20000, 'loss': 2.287250280380249, 'elapsed_seconds': 616.1878903999459}
TRAIN_grounded {'step': 12400, 'budget': 20000, 'loss': 2.334885597229004, 'elapsed_seconds': 618.6678032998461}
TRAIN_grounded {'step': 12450, 'budget': 20000, 'loss': 2.545447587966919, 'elapsed_seconds': 621.559164899867}
TRAIN_grounded {'step': 12500, 'budget': 20000, 'loss': 1.99919855594635, 'elapsed_seconds': 623.9615511999}
TRAIN_grounded {'step': 12550, 'budget': 20000, 'loss': 1.9319958686828613, 'elapsed_seconds': 626.9835236999206}
TRAIN_grounded {'step': 12600, 'budget': 20000, 'loss': 1.3280019760131836, 'elapsed_seconds': 629.5513570999028}
TRAIN_grounded {'step': 12650, 'budget': 20000, 'loss': 2.0717549324035645, 'elapsed_seconds': 632.1342179998755}
TRAIN_grounded {'step': 12700, 'budget': 20000, 'loss': 1.7704854011535645, 'elapsed_seconds': 634.76898539986}
TRAIN_grounded {'step': 12750, 'budget': 20000, 'loss': 1.9278066158294678, 'elapsed_seconds': 637.8330882998416}
TRAIN_grounded {'step': 12800, 'budget': 20000, 'loss': 2.3162264823913574, 'elapsed_seconds': 640.3907555999467}
TRAIN_grounded {'step': 12850, 'budget': 20000, 'loss': 2.1562745571136475, 'elapsed_seconds': 643.1404900999041}
TRAIN_grounded {'step': 12900, 'budget': 20000, 'loss': 2.2717862129211426, 'elapsed_seconds': 645.6427077999106}
TRAIN_grounded {'step': 12950, 'budget': 20000, 'loss': 1.9855574369430542, 'elapsed_seconds': 647.8171194999013}
TRAIN_grounded {'step': 13000, 'budget': 20000, 'loss': 1.5163246393203735, 'elapsed_seconds': 650.3911494999193}
TRAIN_grounded {'step': 13050, 'budget': 20000, 'loss': 1.6230478286743164, 'elapsed_seconds': 653.2437505999114}
TRAIN_grounded {'step': 13100, 'budget': 20000, 'loss': 1.7033989429473877, 'elapsed_seconds': 655.993675799924}
TRAIN_grounded {'step': 13150, 'budget': 20000, 'loss': 1.6029338836669922, 'elapsed_seconds': 658.3265729999403}
TRAIN_grounded {'step': 13200, 'budget': 20000, 'loss': 1.7720205783843994, 'elapsed_seconds': 660.8725557998987}
TRAIN_grounded {'step': 13250, 'budget': 20000, 'loss': 1.8646239042282104, 'elapsed_seconds': 663.3199776998954}
TRAIN_grounded {'step': 13300, 'budget': 20000, 'loss': 2.0343966484069824, 'elapsed_seconds': 666.2003800999373}
TRAIN_grounded {'step': 13350, 'budget': 20000, 'loss': 2.0219218730926514, 'elapsed_seconds': 668.632043399848}
TRAIN_grounded {'step': 13400, 'budget': 20000, 'loss': 1.819715976715088, 'elapsed_seconds': 670.8897356998641}
TRAIN_grounded {'step': 13450, 'budget': 20000, 'loss': 1.98787522315979, 'elapsed_seconds': 673.5904440998565}
TRAIN_grounded {'step': 13500, 'budget': 20000, 'loss': 1.5123428106307983, 'elapsed_seconds': 676.4825842998689}
TRAIN_grounded {'step': 13550, 'budget': 20000, 'loss': 1.7095988988876343, 'elapsed_seconds': 679.4614610999124}
TRAIN_grounded {'step': 13600, 'budget': 20000, 'loss': 1.606644868850708, 'elapsed_seconds': 681.6043337999145}
TRAIN_grounded {'step': 13650, 'budget': 20000, 'loss': 1.6472687721252441, 'elapsed_seconds': 683.9419590998441}
TRAIN_grounded {'step': 13700, 'budget': 20000, 'loss': 2.0685415267944336, 'elapsed_seconds': 687.0875884998823}
TRAIN_grounded {'step': 13750, 'budget': 20000, 'loss': 1.7501842975616455, 'elapsed_seconds': 689.6050864999415}
TRAIN_grounded {'step': 13800, 'budget': 20000, 'loss': 1.8768916130065918, 'elapsed_seconds': 692.6088571998989}
TRAIN_grounded {'step': 13850, 'budget': 20000, 'loss': 1.9356801509857178, 'elapsed_seconds': 695.3080638998654}
TRAIN_grounded {'step': 13900, 'budget': 20000, 'loss': 1.9697773456573486, 'elapsed_seconds': 698.1202285998734}
TRAIN_grounded {'step': 13950, 'budget': 20000, 'loss': 1.5786858797073364, 'elapsed_seconds': 700.6694107998628}
TRAIN_grounded {'step': 14000, 'budget': 20000, 'loss': 1.4357686042785645, 'elapsed_seconds': 702.8951696999138}
TRAIN_grounded {'step': 14050, 'budget': 20000, 'loss': 1.9537403583526611, 'elapsed_seconds': 705.8253006999148}
TRAIN_grounded {'step': 14100, 'budget': 20000, 'loss': 1.377244234085083, 'elapsed_seconds': 708.6826049998635}
TRAIN_grounded {'step': 14150, 'budget': 20000, 'loss': 1.8312640190124512, 'elapsed_seconds': 711.1422387999482}
TRAIN_grounded {'step': 14200, 'budget': 20000, 'loss': 1.5799146890640259, 'elapsed_seconds': 713.2647007999476}
TRAIN_grounded {'step': 14250, 'budget': 20000, 'loss': 1.5692194700241089, 'elapsed_seconds': 715.9447550999466}
TRAIN_grounded {'step': 14300, 'budget': 20000, 'loss': 1.6322414875030518, 'elapsed_seconds': 719.2106983999256}
TRAIN_grounded {'step': 14350, 'budget': 20000, 'loss': 1.702101707458496, 'elapsed_seconds': 721.8141512998845}
TRAIN_grounded {'step': 14400, 'budget': 20000, 'loss': 1.7664144039154053, 'elapsed_seconds': 724.3892158998642}
TRAIN_grounded {'step': 14450, 'budget': 20000, 'loss': 1.554684042930603, 'elapsed_seconds': 727.1312804998597}
TRAIN_grounded {'step': 14500, 'budget': 20000, 'loss': 1.5564706325531006, 'elapsed_seconds': 729.7626761998981}
TRAIN_grounded {'step': 14550, 'budget': 20000, 'loss': 1.3486937284469604, 'elapsed_seconds': 732.4059644999215}
TRAIN_grounded {'step': 14600, 'budget': 20000, 'loss': 1.6434605121612549, 'elapsed_seconds': 734.5627252998529}
TRAIN_grounded {'step': 14650, 'budget': 20000, 'loss': 1.6809970140457153, 'elapsed_seconds': 737.3112779998919}
TRAIN_grounded {'step': 14700, 'budget': 20000, 'loss': 1.6920475959777832, 'elapsed_seconds': 739.7653157998575}
TRAIN_grounded {'step': 14750, 'budget': 20000, 'loss': 1.3473902940750122, 'elapsed_seconds': 742.0865926998667}
TRAIN_grounded {'step': 14800, 'budget': 20000, 'loss': 1.5182842016220093, 'elapsed_seconds': 744.6106393998489}
TRAIN_grounded {'step': 14850, 'budget': 20000, 'loss': 1.688407301902771, 'elapsed_seconds': 747.2322326998692}
TRAIN_grounded {'step': 14900, 'budget': 20000, 'loss': 1.960953712463379, 'elapsed_seconds': 749.5038203998702}
TRAIN_grounded {'step': 14950, 'budget': 20000, 'loss': 1.2339420318603516, 'elapsed_seconds': 752.1046094999183}
TRAIN_grounded {'step': 15000, 'budget': 20000, 'loss': 1.3676412105560303, 'elapsed_seconds': 754.5831123999087}
TRAIN_grounded {'step': 15050, 'budget': 20000, 'loss': 1.2695231437683105, 'elapsed_seconds': 757.3536369998474}
TRAIN_grounded {'step': 15100, 'budget': 20000, 'loss': 1.1598745584487915, 'elapsed_seconds': 759.724276999943}
TRAIN_grounded {'step': 15150, 'budget': 20000, 'loss': 1.4713647365570068, 'elapsed_seconds': 761.9110988999018}
TRAIN_grounded {'step': 15200, 'budget': 20000, 'loss': 1.3650623559951782, 'elapsed_seconds': 764.3911903998815}
TRAIN_grounded {'step': 15250, 'budget': 20000, 'loss': 1.586483359336853, 'elapsed_seconds': 767.0706436998444}
TRAIN_grounded {'step': 15300, 'budget': 20000, 'loss': 1.3331801891326904, 'elapsed_seconds': 769.8669875998748}
TRAIN_grounded {'step': 15350, 'budget': 20000, 'loss': 1.427528977394104, 'elapsed_seconds': 772.6136699998751}
TRAIN_grounded {'step': 15400, 'budget': 20000, 'loss': 1.0817365646362305, 'elapsed_seconds': 775.5903351998422}
TRAIN_grounded {'step': 15450, 'budget': 20000, 'loss': 1.236067533493042, 'elapsed_seconds': 778.4654390999349}
TRAIN_grounded {'step': 15500, 'budget': 20000, 'loss': 1.2306652069091797, 'elapsed_seconds': 781.2163324998692}
TRAIN_grounded {'step': 15550, 'budget': 20000, 'loss': 1.2159452438354492, 'elapsed_seconds': 783.8901247999165}
TRAIN_grounded {'step': 15600, 'budget': 20000, 'loss': 1.2264575958251953, 'elapsed_seconds': 786.6957403998822}
TRAIN_grounded {'step': 15650, 'budget': 20000, 'loss': 1.2661641836166382, 'elapsed_seconds': 789.4878915998852}
TRAIN_grounded {'step': 15700, 'budget': 20000, 'loss': 1.2066209316253662, 'elapsed_seconds': 792.5656808998901}
TRAIN_grounded {'step': 15750, 'budget': 20000, 'loss': 1.620750904083252, 'elapsed_seconds': 795.5313444999047}
TRAIN_grounded {'step': 15800, 'budget': 20000, 'loss': 1.2109875679016113, 'elapsed_seconds': 798.5586466998793}
TRAIN_grounded {'step': 15850, 'budget': 20000, 'loss': 1.884284496307373, 'elapsed_seconds': 801.1102216999279}
TRAIN_grounded {'step': 15900, 'budget': 20000, 'loss': 1.023159146308899, 'elapsed_seconds': 803.6771292998455}
TRAIN_grounded {'step': 15950, 'budget': 20000, 'loss': 1.1012201309204102, 'elapsed_seconds': 806.2337717999471}
TRAIN_grounded {'step': 16000, 'budget': 20000, 'loss': 1.178335428237915, 'elapsed_seconds': 808.8212050999282}
TRAIN_grounded {'step': 16050, 'budget': 20000, 'loss': 1.296944499015808, 'elapsed_seconds': 811.5854852999328}
TRAIN_grounded {'step': 16100, 'budget': 20000, 'loss': 1.469516634941101, 'elapsed_seconds': 814.0249921998475}
TRAIN_grounded {'step': 16150, 'budget': 20000, 'loss': 1.501816749572754, 'elapsed_seconds': 816.5071726999013}
TRAIN_grounded {'step': 16200, 'budget': 20000, 'loss': 1.578080415725708, 'elapsed_seconds': 819.5780405999394}
TRAIN_grounded {'step': 16250, 'budget': 20000, 'loss': 1.3596110343933105, 'elapsed_seconds': 822.6553224999225}
TRAIN_grounded {'step': 16300, 'budget': 20000, 'loss': 1.242353081703186, 'elapsed_seconds': 825.7852083998732}
TRAIN_grounded {'step': 16350, 'budget': 20000, 'loss': 1.4780033826828003, 'elapsed_seconds': 828.5600322998362}
TRAIN_grounded {'step': 16400, 'budget': 20000, 'loss': 1.0406725406646729, 'elapsed_seconds': 831.2393805999309}
TRAIN_grounded {'step': 16450, 'budget': 20000, 'loss': 1.0441046953201294, 'elapsed_seconds': 833.7036021999083}
TRAIN_grounded {'step': 16500, 'budget': 20000, 'loss': 0.9283056855201721, 'elapsed_seconds': 836.473639799864}
TRAIN_grounded {'step': 16550, 'budget': 20000, 'loss': 1.265476942062378, 'elapsed_seconds': 839.6789252999006}
TRAIN_grounded {'step': 16600, 'budget': 20000, 'loss': 1.1883718967437744, 'elapsed_seconds': 842.8398843999021}
TRAIN_grounded {'step': 16650, 'budget': 20000, 'loss': 1.1645970344543457, 'elapsed_seconds': 845.5499618998729}
TRAIN_grounded {'step': 16700, 'budget': 20000, 'loss': 1.2655795812606812, 'elapsed_seconds': 848.0065645999275}
TRAIN_grounded {'step': 16750, 'budget': 20000, 'loss': 1.332200050354004, 'elapsed_seconds': 850.368465499836}
TRAIN_grounded {'step': 16800, 'budget': 20000, 'loss': 1.4254546165466309, 'elapsed_seconds': 853.3677706999006}
TRAIN_grounded {'step': 16850, 'budget': 20000, 'loss': 0.9956289529800415, 'elapsed_seconds': 855.703886599862}
TRAIN_grounded {'step': 16900, 'budget': 20000, 'loss': 1.0934398174285889, 'elapsed_seconds': 858.3610814998392}
TRAIN_grounded {'step': 16950, 'budget': 20000, 'loss': 1.17595374584198, 'elapsed_seconds': 860.7743970998563}
TRAIN_grounded {'step': 17000, 'budget': 20000, 'loss': 0.8868025541305542, 'elapsed_seconds': 863.6880430999445}
TRAIN_grounded {'step': 17050, 'budget': 20000, 'loss': 1.5230311155319214, 'elapsed_seconds': 866.6200999999419}
TRAIN_grounded {'step': 17100, 'budget': 20000, 'loss': 1.1730642318725586, 'elapsed_seconds': 869.4064719999442}
TRAIN_grounded {'step': 17150, 'budget': 20000, 'loss': 1.251652717590332, 'elapsed_seconds': 871.5124641999137}
TRAIN_grounded {'step': 17200, 'budget': 20000, 'loss': 1.1938990354537964, 'elapsed_seconds': 874.401040299912}
TRAIN_grounded {'step': 17250, 'budget': 20000, 'loss': 1.0354238748550415, 'elapsed_seconds': 876.7159651998663}
TRAIN_grounded {'step': 17300, 'budget': 20000, 'loss': 1.0100369453430176, 'elapsed_seconds': 879.5816624999279}
TRAIN_grounded {'step': 17350, 'budget': 20000, 'loss': 1.024670124053955, 'elapsed_seconds': 882.3317989999196}
TRAIN_grounded {'step': 17400, 'budget': 20000, 'loss': 0.8105130195617676, 'elapsed_seconds': 885.0182526998688}
TRAIN_grounded {'step': 17450, 'budget': 20000, 'loss': 1.0292762517929077, 'elapsed_seconds': 888.4869266998721}
TRAIN_grounded {'step': 17500, 'budget': 20000, 'loss': 0.8593432903289795, 'elapsed_seconds': 891.5342952999054}
TRAIN_grounded {'step': 17550, 'budget': 20000, 'loss': 1.0777530670166016, 'elapsed_seconds': 895.0736367999343}
TRAIN_grounded {'step': 17600, 'budget': 20000, 'loss': 1.1471178531646729, 'elapsed_seconds': 897.5979518998647}
TRAIN_grounded {'step': 17650, 'budget': 20000, 'loss': 0.9412845373153687, 'elapsed_seconds': 900.1638890998438}
TRAIN_grounded {'step': 17700, 'budget': 20000, 'loss': 1.0953316688537598, 'elapsed_seconds': 902.5847681999439}
TRAIN_grounded {'step': 17750, 'budget': 20000, 'loss': 0.9658792018890381, 'elapsed_seconds': 904.9825618999312}
TRAIN_grounded {'step': 17800, 'budget': 20000, 'loss': 0.9678558111190796, 'elapsed_seconds': 907.5566461998969}
TRAIN_grounded {'step': 17850, 'budget': 20000, 'loss': 0.7562921643257141, 'elapsed_seconds': 910.166529799928}
TRAIN_grounded {'step': 17900, 'budget': 20000, 'loss': 0.7867008447647095, 'elapsed_seconds': 912.5815030998783}
TRAIN_grounded {'step': 17950, 'budget': 20000, 'loss': 0.8252071738243103, 'elapsed_seconds': 914.7929930998944}
TRAIN_grounded {'step': 18000, 'budget': 20000, 'loss': 0.8855001330375671, 'elapsed_seconds': 917.8048867998878}
TRAIN_grounded {'step': 18050, 'budget': 20000, 'loss': 0.9137387275695801, 'elapsed_seconds': 920.6032391998451}
TRAIN_grounded {'step': 18100, 'budget': 20000, 'loss': 0.9805470705032349, 'elapsed_seconds': 923.2068763999268}
TRAIN_grounded {'step': 18150, 'budget': 20000, 'loss': 0.8785706758499146, 'elapsed_seconds': 925.7851761998609}
TRAIN_grounded {'step': 18200, 'budget': 20000, 'loss': 0.8345373868942261, 'elapsed_seconds': 928.1496712998487}
TRAIN_grounded {'step': 18250, 'budget': 20000, 'loss': 0.8866035342216492, 'elapsed_seconds': 930.8131563998759}
TRAIN_grounded {'step': 18300, 'budget': 20000, 'loss': 0.7018038034439087, 'elapsed_seconds': 933.7751853999216}
TRAIN_grounded {'step': 18350, 'budget': 20000, 'loss': 0.7681446671485901, 'elapsed_seconds': 936.4925614999374}
TRAIN_grounded {'step': 18400, 'budget': 20000, 'loss': 0.7608625888824463, 'elapsed_seconds': 939.5385287998943}
TRAIN_grounded {'step': 18450, 'budget': 20000, 'loss': 0.8580906391143799, 'elapsed_seconds': 942.5949677998433}
TRAIN_grounded {'step': 18500, 'budget': 20000, 'loss': 0.8166016340255737, 'elapsed_seconds': 945.1749587998493}
TRAIN_grounded {'step': 18550, 'budget': 20000, 'loss': 0.9183087348937988, 'elapsed_seconds': 947.99542559986}
TRAIN_grounded {'step': 18600, 'budget': 20000, 'loss': 0.8595032691955566, 'elapsed_seconds': 950.9505128999008}
TRAIN_grounded {'step': 18650, 'budget': 20000, 'loss': 0.9067235589027405, 'elapsed_seconds': 953.26191069989}
TRAIN_grounded {'step': 18700, 'budget': 20000, 'loss': 0.8120707869529724, 'elapsed_seconds': 955.7302651999053}
TRAIN_grounded {'step': 18750, 'budget': 20000, 'loss': 0.7780005931854248, 'elapsed_seconds': 958.330802799901}
TRAIN_grounded {'step': 18800, 'budget': 20000, 'loss': 1.2032177448272705, 'elapsed_seconds': 961.0163414998678}
TRAIN_grounded {'step': 18850, 'budget': 20000, 'loss': 0.745296835899353, 'elapsed_seconds': 963.9117192998528}
TRAIN_grounded {'step': 18900, 'budget': 20000, 'loss': 0.6703657507896423, 'elapsed_seconds': 966.761664499878}
TRAIN_grounded {'step': 18950, 'budget': 20000, 'loss': 0.7226861715316772, 'elapsed_seconds': 969.3195110999513}
TRAIN_grounded {'step': 19000, 'budget': 20000, 'loss': 0.5968141555786133, 'elapsed_seconds': 972.1362443999387}
TRAIN_grounded {'step': 19050, 'budget': 20000, 'loss': 0.7199914455413818, 'elapsed_seconds': 974.6884763998678}
TRAIN_grounded {'step': 19100, 'budget': 20000, 'loss': 0.9430186748504639, 'elapsed_seconds': 977.3043156998465}
TRAIN_grounded {'step': 19150, 'budget': 20000, 'loss': 0.6963605880737305, 'elapsed_seconds': 979.7232551998459}
TRAIN_grounded {'step': 19200, 'budget': 20000, 'loss': 0.5456650853157043, 'elapsed_seconds': 982.3548021998722}
TRAIN_grounded {'step': 19250, 'budget': 20000, 'loss': 0.720645010471344, 'elapsed_seconds': 984.8463015998714}
TRAIN_grounded {'step': 19300, 'budget': 20000, 'loss': 0.5261529684066772, 'elapsed_seconds': 987.4855322998483}
TRAIN_grounded {'step': 19350, 'budget': 20000, 'loss': 0.5618201494216919, 'elapsed_seconds': 990.2708320998354}
TRAIN_grounded {'step': 19400, 'budget': 20000, 'loss': 0.6834920644760132, 'elapsed_seconds': 992.4808338999283}
TRAIN_grounded {'step': 19450, 'budget': 20000, 'loss': 0.592781662940979, 'elapsed_seconds': 995.1139459998813}
TRAIN_grounded {'step': 19500, 'budget': 20000, 'loss': 0.6458486914634705, 'elapsed_seconds': 998.1598776999163}
TRAIN_grounded {'step': 19550, 'budget': 20000, 'loss': 0.5652701258659363, 'elapsed_seconds': 1001.1915369998896}
TRAIN_grounded {'step': 19600, 'budget': 20000, 'loss': 0.624055027961731, 'elapsed_seconds': 1003.4525190999266}
TRAIN_grounded {'step': 19650, 'budget': 20000, 'loss': 0.6219196319580078, 'elapsed_seconds': 1005.9290735998657}
TRAIN_grounded {'step': 19700, 'budget': 20000, 'loss': 0.6686290502548218, 'elapsed_seconds': 1008.2956727999263}
TRAIN_grounded {'step': 19750, 'budget': 20000, 'loss': 0.4918833374977112, 'elapsed_seconds': 1010.9343015998602}
TRAIN_grounded {'step': 19800, 'budget': 20000, 'loss': 0.5591731071472168, 'elapsed_seconds': 1014.1497977998806}
TRAIN_grounded {'step': 19850, 'budget': 20000, 'loss': 0.5753381252288818, 'elapsed_seconds': 1017.148773899884}
TRAIN_grounded {'step': 19900, 'budget': 20000, 'loss': 0.5146980285644531, 'elapsed_seconds': 1019.8976517998381}
TRAIN_grounded {'step': 19950, 'budget': 20000, 'loss': 0.4617021679878235, 'elapsed_seconds': 1022.6006562998518}
TRAIN_grounded {'step': 20000, 'budget': 20000, 'loss': 0.6871596574783325, 'elapsed_seconds': 1025.0080939999316}
INVALID_TRAINING_RUN {'id_macro': {'baseline': 0.007333333333333333, 'grounded': 0.11966666666666667}}
