STATUS {'stage': 'initializing', 'pid': 27344, 'utc': '2026-09-30T16:31:24Z'}
STATUS {'stage': 'command', 'pid': 27344, 'utc': '2026-09-30T16:31:25Z', 'command': ['-m', 'pip', 'freeze']}
STATUS {'stage': 'A2 tokenizer', 'pid': 27344, 'utc': '2026-09-30T16:31:25Z'}
PARAMETERS vanilla_loop {'params': 17296386, 'trainable_params': 17296386, 'core_params': 6304768}
PARAMETERS step_conditioned_loop {'params': 17313826, 'trainable_params': 17313826, 'core_params': 6322208}
PARAMETERS vector_field {'params': 17313826, 'trainable_params': 17313826, 'core_params': 6322208}
STATUS {'stage': 'command', 'pid': 27344, 'utc': '2026-09-30T16:31:26Z', 'command': ['-m', 'pytest', 'tests', '-q']}
STATUS {'stage': 'command', 'pid': 27344, 'utc': '2026-09-30T16:31:29Z', 'command': ['data/audit_semantics.py']}
Semantic/minimum-hop audit True {'iid': {'checked': 256}, 'ood_12': {'checked': 64}, 'ood_6': {'checked': 64}, 'ood_8': {'checked': 64}, 'train': {'checked': 256}, 'validation': {'checked': 256}}
STATUS {'stage': 'A1 shortcut audit', 'pid': 27344, 'utc': '2026-09-30T16:31:30Z'}
STATUS {'stage': 'command', 'pid': 27344, 'utc': '2026-09-30T16:31:39Z', 'command': ['data/audit_structural_shortcut.py']}
{
  "method": "Select query-goal rule with most frequent antecedent concept, then compare its negation to query; no premise reachability or chain execution; no training",
  "splits": {
    "iid": {
      "all": {
        "accuracy": 1.0,
        "n": 10000,
        "unique_choice_fraction": 1.0
      },
      "1": {
        "accuracy": 1.0,
        "n": 2500,
        "unique_choice_fraction": 1.0
      },
      "2": {
        "accuracy": 1.0,
        "n": 2500,
        "unique_choice_fraction": 1.0
      },
      "3": {
        "accuracy": 1.0,
        "n": 2500,
        "unique_choice_fraction": 1.0
      },
      "4": {
        "accuracy": 1.0,
        "n": 2500,
        "unique_choice_fraction": 1.0
      }
    },
    "ood_12": {
      "all": {
        "accuracy": 1.0,
        "n": 5000,
        "unique_choice_fraction": 1.0
      },
      "12": {
        "accuracy": 1.0,
        "n": 5000,
        "unique_choice_fraction": 1.0
      }
    },
    "ood_6": {
      "all": {
        "accuracy": 1.0,
        "n": 5000,
        "unique_choice_fraction": 1.0
      },
      "6": {
        "accuracy": 1.0,
        "n": 5000,
        "unique_choice_fraction": 1.0
      }
    },
    "ood_8": {
      "all": {
        "accuracy": 1.0,
        "n": 5000,
        "unique_choice_fraction": 1.0
      },
      "8": {
        "accuracy": 1.0,
        "n": 5000,
        "unique_choice_fraction": 1.0
      }
    },
    "train": {
      "all": {
        "accuracy": 1.0,
        "n": 100000,
        "unique_choice_fraction": 1.0
      },
      "1": {
        "accuracy": 1.0,
        "n": 25000,
        "unique_choice_fraction": 1.0
      },
      "2": {
        "accuracy": 1.0,
        "n": 25000,
        "unique_choice_fraction": 1.0
      },
      "3": {
        "accuracy": 1.0,
        "n": 25000,
        "unique_choice_fraction": 1.0
      },
      "4": {
        "accuracy": 1.0,
        "n": 25000,
        "unique_choice_fraction": 1.0
      }
    },
    "validation": {
      "all": {
        "accuracy": 1.0,
        "n": 10000,
        "unique_choice_fraction": 1.0
      },
      "1": {
        "accuracy": 1.0,
        "n": 2500,
        "unique_choice_fraction": 1.0
      },
      "2": {
        "accuracy": 1.0,
        "n": 2500,
        "unique_choice_fraction": 1.0
      },
      "3": {
        "accuracy": 1.0,
        "n": 2500,
        "unique_choice_fraction": 1.0
      },
      "4": {
        "accuracy": 1.0,
        "n": 2500,
        "unique_choice_fraction": 1.0
      }
    }
  }
}
STATUS {'stage': 'command', 'pid': 27344, 'utc': '2026-09-30T16:31:50Z', 'command': ['abort_report.py']}
UNCLEAR / BLOCKED_INVALID_DATA: report and explicitly NA results written
STATUS {'stage': 'blocked', 'pid': 27344, 'utc': '2026-09-30T16:31:51Z', 'decision': 'UNCLEAR', 'reason': 'No-training structural shortcut solves >=95% IID; formal training prohibited on invalid task'}
